tmdd:detectorMaintenanceHistoryMsg.detector-maintenance-history-item.restrictions.organization-information-forwarding-restrictions = not to public
tmdd:detectorMaintenanceHistoryMsg.detector-maintenance-history-item.organization-information.organization-id = transcore.com
tmdd:detectorMaintenanceHistoryMsg.detector-maintenance-history-item.organization-information.organization-name = string
tmdd:detectorMaintenanceHistoryMsg.detector-maintenance-history-item.organization-information.organization-location = stringstri
tmdd:detectorMaintenanceHistoryMsg.detector-maintenance-history-item.organization-information.organization-function = string
tmdd:detectorMaintenanceHistoryMsg.detector-maintenance-history-item.organization-information.organization-contact-details.contact-id = string
tmdd:detectorMaintenanceHistoryMsg.detector-maintenance-history-item.organization-information.organization-contact-details.person-name = string
tmdd:detectorMaintenanceHistoryMsg.detector-maintenance-history-item.organization-information.organization-contact-details.person-title = string
tmdd:detectorMaintenanceHistoryMsg.detector-maintenance-history-item.organization-information.organization-contact-details.phone-number = string
tmdd:detectorMaintenanceHistoryMsg.detector-maintenance-history-item.organization-information.organization-contact-details.phone-alternate = string
tmdd:detectorMaintenanceHistoryMsg.detector-maintenance-history-item.organization-information.organization-contact-details.mobile-phone-number = string
tmdd:detectorMaintenanceHistoryMsg.detector-maintenance-history-item.organization-information.organization-contact-details.mobile-phone-id = string
tmdd:detectorMaintenanceHistoryMsg.detector-maintenance-history-item.organization-information.organization-contact-details.fax-number = string
tmdd:detectorMaintenanceHistoryMsg.detector-maintenance-history-item.organization-information.organization-contact-details.pager-number = string
tmdd:detectorMaintenanceHistoryMsg.detector-maintenance-history-item.organization-information.organization-contact-details.pager-id = string
tmdd:detectorMaintenanceHistoryMsg.detector-maintenance-history-item.organization-information.organization-contact-details.email-address = string
tmdd:detectorMaintenanceHistoryMsg.detector-maintenance-history-item.organization-information.organization-contact-details.radio-unit = string
tmdd:detectorMaintenanceHistoryMsg.detector-maintenance-history-item.organization-information.organization-contact-details.address-line1 = string
tmdd:detectorMaintenanceHistoryMsg.detector-maintenance-history-item.organization-information.organization-contact-details.address-line2 = string
tmdd:detectorMaintenanceHistoryMsg.detector-maintenance-history-item.organization-information.organization-contact-details.city = string
tmdd:detectorMaintenanceHistoryMsg.detector-maintenance-history-item.organization-information.organization-contact-details.state = st
tmdd:detectorMaintenanceHistoryMsg.detector-maintenance-history-item.organization-information.organization-contact-details.zip-code = string
tmdd:detectorMaintenanceHistoryMsg.detector-maintenance-history-item.organization-information.organization-contact-details.country = string
tmdd:detectorMaintenanceHistoryMsg.detector-maintenance-history-item.organization-information.center-contact-list.center-contact-details.center-id = tcore_test
tmdd:detectorMaintenanceHistoryMsg.detector-maintenance-history-item.organization-information.center-contact-list.center-contact-details.center-name = string
tmdd:detectorMaintenanceHistoryMsg.detector-maintenance-history-item.organization-information.center-contact-list.center-contact-details.center-location.latitude = 33964380
tmdd:detectorMaintenanceHistoryMsg.detector-maintenance-history-item.organization-information.center-contact-list.center-contact-details.center-location.longitude = -84217945
tmdd:detectorMaintenanceHistoryMsg.detector-maintenance-history-item.organization-information.center-contact-list.center-contact-details.center-location.horizontalDatum = 3
tmdd:detectorMaintenanceHistoryMsg.detector-maintenance-history-item.organization-information.center-contact-list.center-contact-details.center-location.height.altitude.ft = 3
tmdd:detectorMaintenanceHistoryMsg.detector-maintenance-history-item.organization-information.center-contact-list.center-contact-details.center-location.height.verticalDatum = 1
tmdd:detectorMaintenanceHistoryMsg.detector-maintenance-history-item.organization-information.center-contact-list.center-contact-details.center-description = string
tmdd:detectorMaintenanceHistoryMsg.detector-maintenance-history-item.organization-information.center-contact-list.center-contact-details.center-type = 2
tmdd:detectorMaintenanceHistoryMsg.detector-maintenance-history-item.organization-information.center-contact-list.center-contact-details.center-contact-details.contact-id = string
tmdd:detectorMaintenanceHistoryMsg.detector-maintenance-history-item.organization-information.center-contact-list.center-contact-details.center-contact-details.person-name = string
tmdd:detectorMaintenanceHistoryMsg.detector-maintenance-history-item.organization-information.center-contact-list.center-contact-details.center-contact-details.person-title = string
tmdd:detectorMaintenanceHistoryMsg.detector-maintenance-history-item.organization-information.center-contact-list.center-contact-details.center-contact-details.phone-number = string
tmdd:detectorMaintenanceHistoryMsg.detector-maintenance-history-item.organization-information.center-contact-list.center-contact-details.center-contact-details.phone-alternate = string
tmdd:detectorMaintenanceHistoryMsg.detector-maintenance-history-item.organization-information.center-contact-list.center-contact-details.center-contact-details.mobile-phone-number = string
tmdd:detectorMaintenanceHistoryMsg.detector-maintenance-history-item.organization-information.center-contact-list.center-contact-details.center-contact-details.mobile-phone-id = string
tmdd:detectorMaintenanceHistoryMsg.detector-maintenance-history-item.organization-information.center-contact-list.center-contact-details.center-contact-details.fax-number = string
tmdd:detectorMaintenanceHistoryMsg.detector-maintenance-history-item.organization-information.center-contact-list.center-contact-details.center-contact-details.pager-number = string
tmdd:detectorMaintenanceHistoryMsg.detector-maintenance-history-item.organization-information.center-contact-list.center-contact-details.center-contact-details.pager-id = string
tmdd:detectorMaintenanceHistoryMsg.detector-maintenance-history-item.organization-information.center-contact-list.center-contact-details.center-contact-details.email-address = string
tmdd:detectorMaintenanceHistoryMsg.detector-maintenance-history-item.organization-information.center-contact-list.center-contact-details.center-contact-details.radio-unit = string
tmdd:detectorMaintenanceHistoryMsg.detector-maintenance-history-item.organization-information.center-contact-list.center-contact-details.center-contact-details.address-line1 = string
tmdd:detectorMaintenanceHistoryMsg.detector-maintenance-history-item.organization-information.center-contact-list.center-contact-details.center-contact-details.address-line2 = string
tmdd:detectorMaintenanceHistoryMsg.detector-maintenance-history-item.organization-information.center-contact-list.center-contact-details.center-contact-details.city = string
tmdd:detectorMaintenanceHistoryMsg.detector-maintenance-history-item.organization-information.center-contact-list.center-contact-details.center-contact-details.state = st
tmdd:detectorMaintenanceHistoryMsg.detector-maintenance-history-item.organization-information.center-contact-list.center-contact-details.center-contact-details.zip-code = string
tmdd:detectorMaintenanceHistoryMsg.detector-maintenance-history-item.organization-information.center-contact-list.center-contact-details.center-contact-details.country = string
tmdd:detectorMaintenanceHistoryMsg.detector-maintenance-history-item.organization-information.last-update-time.date = 20130531
tmdd:detectorMaintenanceHistoryMsg.detector-maintenance-history-item.organization-information.last-update-time.time = 105805
tmdd:detectorMaintenanceHistoryMsg.detector-maintenance-history-item.organization-information.last-update-time.offset = 01:00
tmdd:detectorMaintenanceHistoryMsg.detector-maintenance-history-item.detector-history-list.detector.station-id = string
tmdd:detectorMaintenanceHistoryMsg.detector-maintenance-history-item.detector-history-list.detector.detector-id = string
tmdd:detectorMaintenanceHistoryMsg.detector-maintenance-history-item.detector-history-list.detector.detector-type = other
tmdd:detectorMaintenanceHistoryMsg.detector-maintenance-history-item.detector-history-list.detector.detector-installation-date.date = stringst
tmdd:detectorMaintenanceHistoryMsg.detector-maintenance-history-item.detector-history-list.detector.detector-installation-date.time = string
tmdd:detectorMaintenanceHistoryMsg.detector-maintenance-history-item.detector-history-list.detector.detector-installation-date.offset = strin
tmdd:detectorMaintenanceHistoryMsg.detector-maintenance-history-item.detector-history-list.detector.detector-calibration-date.date = stringst
tmdd:detectorMaintenanceHistoryMsg.detector-maintenance-history-item.detector-history-list.detector.detector-calibration-date.time = string
tmdd:detectorMaintenanceHistoryMsg.detector-maintenance-history-item.detector-history-list.detector.detector-calibration-date.offset = strin
tmdd:detectorMaintenanceHistoryMsg.detector-maintenance-history-item.detector-history-list.detector.detector-calibration-method = string
tmdd:detectorMaintenanceHistoryMsg.detector-maintenance-history-item.detector-history-list.detector.detector-last-operational-date.date = stringst
tmdd:detectorMaintenanceHistoryMsg.detector-maintenance-history-item.detector-history-list.detector.detector-last-operational-date.time = string
tmdd:detectorMaintenanceHistoryMsg.detector-maintenance-history-item.detector-history-list.detector.detector-last-operational-date.offset = strin
tmdd:detectorMaintenanceHistoryMsg.detector-maintenance-history-item.detector-history-list.detector.detector-last-non-operational-date.date = stringst
tmdd:detectorMaintenanceHistoryMsg.detector-maintenance-history-item.detector-history-list.detector.detector-last-non-operational-date.time = string
tmdd:detectorMaintenanceHistoryMsg.detector-maintenance-history-item.detector-history-list.detector.detector-last-non-operational-date.offset = strin
tmdd:detectorMaintenanceHistoryMsg.detector-maintenance-history-item.detector-history-list.detector.detector-repair-description = string
tmdd:detectorMaintenanceHistoryMsg.detector-maintenance-history-item.detector-history-list.detector.last-update-time.date = 20130531
tmdd:detectorMaintenanceHistoryMsg.detector-maintenance-history-item.detector-history-list.detector.last-update-time.time = 105805
tmdd:detectorMaintenanceHistoryMsg.detector-maintenance-history-item.detector-history-list.detector.last-update-time.offset = 01:00
