tmdd:dMSMessageInventoryMsg.dms-message-inventory-item.restrictions.organization-information-forwarding-restrictions = not to public
tmdd:dMSMessageInventoryMsg.dms-message-inventory-item.organization-information.organization-id = transcore.com
tmdd:dMSMessageInventoryMsg.dms-message-inventory-item.organization-information.organization-name = string
tmdd:dMSMessageInventoryMsg.dms-message-inventory-item.organization-information.organization-location = stringstri
tmdd:dMSMessageInventoryMsg.dms-message-inventory-item.organization-information.organization-function = string
tmdd:dMSMessageInventoryMsg.dms-message-inventory-item.organization-information.organization-contact-details.contact-id = string
tmdd:dMSMessageInventoryMsg.dms-message-inventory-item.organization-information.organization-contact-details.person-name = string
tmdd:dMSMessageInventoryMsg.dms-message-inventory-item.organization-information.organization-contact-details.person-title = string
tmdd:dMSMessageInventoryMsg.dms-message-inventory-item.organization-information.organization-contact-details.phone-number = string
tmdd:dMSMessageInventoryMsg.dms-message-inventory-item.organization-information.organization-contact-details.phone-alternate = string
tmdd:dMSMessageInventoryMsg.dms-message-inventory-item.organization-information.organization-contact-details.mobile-phone-number = string
tmdd:dMSMessageInventoryMsg.dms-message-inventory-item.organization-information.organization-contact-details.mobile-phone-id = string
tmdd:dMSMessageInventoryMsg.dms-message-inventory-item.organization-information.organization-contact-details.fax-number = string
tmdd:dMSMessageInventoryMsg.dms-message-inventory-item.organization-information.organization-contact-details.pager-number = string
tmdd:dMSMessageInventoryMsg.dms-message-inventory-item.organization-information.organization-contact-details.pager-id = string
tmdd:dMSMessageInventoryMsg.dms-message-inventory-item.organization-information.organization-contact-details.email-address = string
tmdd:dMSMessageInventoryMsg.dms-message-inventory-item.organization-information.organization-contact-details.radio-unit = string
tmdd:dMSMessageInventoryMsg.dms-message-inventory-item.organization-information.organization-contact-details.address-line1 = string
tmdd:dMSMessageInventoryMsg.dms-message-inventory-item.organization-information.organization-contact-details.address-line2 = string
tmdd:dMSMessageInventoryMsg.dms-message-inventory-item.organization-information.organization-contact-details.city = string
tmdd:dMSMessageInventoryMsg.dms-message-inventory-item.organization-information.organization-contact-details.state = st
tmdd:dMSMessageInventoryMsg.dms-message-inventory-item.organization-information.organization-contact-details.zip-code = string
tmdd:dMSMessageInventoryMsg.dms-message-inventory-item.organization-information.organization-contact-details.country = string
tmdd:dMSMessageInventoryMsg.dms-message-inventory-item.organization-information.center-contact-list.center-contact-details.center-id = tcore_test
tmdd:dMSMessageInventoryMsg.dms-message-inventory-item.organization-information.center-contact-list.center-contact-details.center-name = string
tmdd:dMSMessageInventoryMsg.dms-message-inventory-item.organization-information.center-contact-list.center-contact-details.center-location.latitude = 33964380
tmdd:dMSMessageInventoryMsg.dms-message-inventory-item.organization-information.center-contact-list.center-contact-details.center-location.longitude = -84217945
tmdd:dMSMessageInventoryMsg.dms-message-inventory-item.organization-information.center-contact-list.center-contact-details.center-location.horizontalDatum = 3
tmdd:dMSMessageInventoryMsg.dms-message-inventory-item.organization-information.center-contact-list.center-contact-details.center-location.height.altitude.ft = 3
tmdd:dMSMessageInventoryMsg.dms-message-inventory-item.organization-information.center-contact-list.center-contact-details.center-location.height.verticalDatum = 1
tmdd:dMSMessageInventoryMsg.dms-message-inventory-item.organization-information.center-contact-list.center-contact-details.center-description = string
tmdd:dMSMessageInventoryMsg.dms-message-inventory-item.organization-information.center-contact-list.center-contact-details.center-type = 2
tmdd:dMSMessageInventoryMsg.dms-message-inventory-item.organization-information.center-contact-list.center-contact-details.center-contact-details.contact-id = string
tmdd:dMSMessageInventoryMsg.dms-message-inventory-item.organization-information.center-contact-list.center-contact-details.center-contact-details.person-name = string
tmdd:dMSMessageInventoryMsg.dms-message-inventory-item.organization-information.center-contact-list.center-contact-details.center-contact-details.person-title = string
tmdd:dMSMessageInventoryMsg.dms-message-inventory-item.organization-information.center-contact-list.center-contact-details.center-contact-details.phone-number = string
tmdd:dMSMessageInventoryMsg.dms-message-inventory-item.organization-information.center-contact-list.center-contact-details.center-contact-details.phone-alternate = string
tmdd:dMSMessageInventoryMsg.dms-message-inventory-item.organization-information.center-contact-list.center-contact-details.center-contact-details.mobile-phone-number = string
tmdd:dMSMessageInventoryMsg.dms-message-inventory-item.organization-information.center-contact-list.center-contact-details.center-contact-details.mobile-phone-id = string
tmdd:dMSMessageInventoryMsg.dms-message-inventory-item.organization-information.center-contact-list.center-contact-details.center-contact-details.fax-number = string
tmdd:dMSMessageInventoryMsg.dms-message-inventory-item.organization-information.center-contact-list.center-contact-details.center-contact-details.pager-number = string
tmdd:dMSMessageInventoryMsg.dms-message-inventory-item.organization-information.center-contact-list.center-contact-details.center-contact-details.pager-id = string
tmdd:dMSMessageInventoryMsg.dms-message-inventory-item.organization-information.center-contact-list.center-contact-details.center-contact-details.email-address = string
tmdd:dMSMessageInventoryMsg.dms-message-inventory-item.organization-information.center-contact-list.center-contact-details.center-contact-details.radio-unit = string
tmdd:dMSMessageInventoryMsg.dms-message-inventory-item.organization-information.center-contact-list.center-contact-details.center-contact-details.address-line1 = string
tmdd:dMSMessageInventoryMsg.dms-message-inventory-item.organization-information.center-contact-list.center-contact-details.center-contact-details.address-line2 = string
tmdd:dMSMessageInventoryMsg.dms-message-inventory-item.organization-information.center-contact-list.center-contact-details.center-contact-details.city = string
tmdd:dMSMessageInventoryMsg.dms-message-inventory-item.organization-information.center-contact-list.center-contact-details.center-contact-details.state = st
tmdd:dMSMessageInventoryMsg.dms-message-inventory-item.organization-information.center-contact-list.center-contact-details.center-contact-details.zip-code = string
tmdd:dMSMessageInventoryMsg.dms-message-inventory-item.organization-information.center-contact-list.center-contact-details.center-contact-details.country = string
tmdd:dMSMessageInventoryMsg.dms-message-inventory-item.organization-information.last-update-time.date = 20130531
tmdd:dMSMessageInventoryMsg.dms-message-inventory-item.organization-information.last-update-time.time = 105805
tmdd:dMSMessageInventoryMsg.dms-message-inventory-item.organization-information.last-update-time.offset = 01:00
tmdd:dMSMessageInventoryMsg.dms-message-inventory-item.device-id = string
tmdd:dMSMessageInventoryMsg.dms-message-inventory-item.message-memory-type = volatile
tmdd:dMSMessageInventoryMsg.dms-message-inventory-item.message-number = string
tmdd:dMSMessageInventoryMsg.dms-message-inventory-item.message = string
tmdd:dMSMessageInventoryMsg.dms-message-inventory-item.message-owner-organization-information.organization-id = transcore.com
tmdd:dMSMessageInventoryMsg.dms-message-inventory-item.message-owner-organization-information.organization-name = string
tmdd:dMSMessageInventoryMsg.dms-message-inventory-item.message-owner-organization-information.organization-location = stringstri
tmdd:dMSMessageInventoryMsg.dms-message-inventory-item.message-owner-organization-information.organization-function = string
tmdd:dMSMessageInventoryMsg.dms-message-inventory-item.message-owner-organization-information.organization-contact-details.contact-id = string
tmdd:dMSMessageInventoryMsg.dms-message-inventory-item.message-owner-organization-information.organization-contact-details.person-name = string
tmdd:dMSMessageInventoryMsg.dms-message-inventory-item.message-owner-organization-information.organization-contact-details.person-title = string
tmdd:dMSMessageInventoryMsg.dms-message-inventory-item.message-owner-organization-information.organization-contact-details.phone-number = string
tmdd:dMSMessageInventoryMsg.dms-message-inventory-item.message-owner-organization-information.organization-contact-details.phone-alternate = string
tmdd:dMSMessageInventoryMsg.dms-message-inventory-item.message-owner-organization-information.organization-contact-details.mobile-phone-number = string
tmdd:dMSMessageInventoryMsg.dms-message-inventory-item.message-owner-organization-information.organization-contact-details.mobile-phone-id = string
tmdd:dMSMessageInventoryMsg.dms-message-inventory-item.message-owner-organization-information.organization-contact-details.fax-number = string
tmdd:dMSMessageInventoryMsg.dms-message-inventory-item.message-owner-organization-information.organization-contact-details.pager-number = string
tmdd:dMSMessageInventoryMsg.dms-message-inventory-item.message-owner-organization-information.organization-contact-details.pager-id = string
tmdd:dMSMessageInventoryMsg.dms-message-inventory-item.message-owner-organization-information.organization-contact-details.email-address = string
tmdd:dMSMessageInventoryMsg.dms-message-inventory-item.message-owner-organization-information.organization-contact-details.radio-unit = string
tmdd:dMSMessageInventoryMsg.dms-message-inventory-item.message-owner-organization-information.organization-contact-details.address-line1 = string
tmdd:dMSMessageInventoryMsg.dms-message-inventory-item.message-owner-organization-information.organization-contact-details.address-line2 = string
tmdd:dMSMessageInventoryMsg.dms-message-inventory-item.message-owner-organization-information.organization-contact-details.city = string
tmdd:dMSMessageInventoryMsg.dms-message-inventory-item.message-owner-organization-information.organization-contact-details.state = st
tmdd:dMSMessageInventoryMsg.dms-message-inventory-item.message-owner-organization-information.organization-contact-details.zip-code = string
tmdd:dMSMessageInventoryMsg.dms-message-inventory-item.message-owner-organization-information.organization-contact-details.country = string
tmdd:dMSMessageInventoryMsg.dms-message-inventory-item.message-owner-organization-information.center-contact-list.center-contact-details.center-id = tcore_test
tmdd:dMSMessageInventoryMsg.dms-message-inventory-item.message-owner-organization-information.center-contact-list.center-contact-details.center-name = string
tmdd:dMSMessageInventoryMsg.dms-message-inventory-item.message-owner-organization-information.center-contact-list.center-contact-details.center-location.latitude = 33964380
tmdd:dMSMessageInventoryMsg.dms-message-inventory-item.message-owner-organization-information.center-contact-list.center-contact-details.center-location.longitude = -84217945
tmdd:dMSMessageInventoryMsg.dms-message-inventory-item.message-owner-organization-information.center-contact-list.center-contact-details.center-location.horizontalDatum = wgs-84
tmdd:dMSMessageInventoryMsg.dms-message-inventory-item.message-owner-organization-information.center-contact-list.center-contact-details.center-location.height.altitude.mDec = 1000.00
tmdd:dMSMessageInventoryMsg.dms-message-inventory-item.message-owner-organization-information.center-contact-list.center-contact-details.center-location.height.verticalDatum = 1
tmdd:dMSMessageInventoryMsg.dms-message-inventory-item.message-owner-organization-information.center-contact-list.center-contact-details.center-description = string
tmdd:dMSMessageInventoryMsg.dms-message-inventory-item.message-owner-organization-information.center-contact-list.center-contact-details.center-type = mobile
tmdd:dMSMessageInventoryMsg.dms-message-inventory-item.message-owner-organization-information.center-contact-list.center-contact-details.center-contact-details.contact-id = string
tmdd:dMSMessageInventoryMsg.dms-message-inventory-item.message-owner-organization-information.center-contact-list.center-contact-details.center-contact-details.person-name = string
tmdd:dMSMessageInventoryMsg.dms-message-inventory-item.message-owner-organization-information.center-contact-list.center-contact-details.center-contact-details.person-title = string
tmdd:dMSMessageInventoryMsg.dms-message-inventory-item.message-owner-organization-information.center-contact-list.center-contact-details.center-contact-details.phone-number = string
tmdd:dMSMessageInventoryMsg.dms-message-inventory-item.message-owner-organization-information.center-contact-list.center-contact-details.center-contact-details.phone-alternate = string
tmdd:dMSMessageInventoryMsg.dms-message-inventory-item.message-owner-organization-information.center-contact-list.center-contact-details.center-contact-details.mobile-phone-number = string
tmdd:dMSMessageInventoryMsg.dms-message-inventory-item.message-owner-organization-information.center-contact-list.center-contact-details.center-contact-details.mobile-phone-id = string
tmdd:dMSMessageInventoryMsg.dms-message-inventory-item.message-owner-organization-information.center-contact-list.center-contact-details.center-contact-details.fax-number = string
tmdd:dMSMessageInventoryMsg.dms-message-inventory-item.message-owner-organization-information.center-contact-list.center-contact-details.center-contact-details.pager-number = string
tmdd:dMSMessageInventoryMsg.dms-message-inventory-item.message-owner-organization-information.center-contact-list.center-contact-details.center-contact-details.pager-id = string
tmdd:dMSMessageInventoryMsg.dms-message-inventory-item.message-owner-organization-information.center-contact-list.center-contact-details.center-contact-details.email-address = string
tmdd:dMSMessageInventoryMsg.dms-message-inventory-item.message-owner-organization-information.center-contact-list.center-contact-details.center-contact-details.radio-unit = string
tmdd:dMSMessageInventoryMsg.dms-message-inventory-item.message-owner-organization-information.center-contact-list.center-contact-details.center-contact-details.address-line1 = string
tmdd:dMSMessageInventoryMsg.dms-message-inventory-item.message-owner-organization-information.center-contact-list.center-contact-details.center-contact-details.address-line2 = string
tmdd:dMSMessageInventoryMsg.dms-message-inventory-item.message-owner-organization-information.center-contact-list.center-contact-details.center-contact-details.city = string
tmdd:dMSMessageInventoryMsg.dms-message-inventory-item.message-owner-organization-information.center-contact-list.center-contact-details.center-contact-details.state = st
tmdd:dMSMessageInventoryMsg.dms-message-inventory-item.message-owner-organization-information.center-contact-list.center-contact-details.center-contact-details.zip-code = string
tmdd:dMSMessageInventoryMsg.dms-message-inventory-item.message-owner-organization-information.center-contact-list.center-contact-details.center-contact-details.country = string
tmdd:dMSMessageInventoryMsg.dms-message-inventory-item.message-owner-organization-information.last-update-time.date = 20130531
tmdd:dMSMessageInventoryMsg.dms-message-inventory-item.message-owner-organization-information.last-update-time.time = 105805
tmdd:dMSMessageInventoryMsg.dms-message-inventory-item.message-owner-organization-information.last-update-time.offset = 01:00
tmdd:dMSMessageInventoryMsg.dms-message-inventory-item.enable-beacon-flag = no
tmdd:dMSMessageInventoryMsg.dms-message-inventory-item.message-run-time-priority = 6
tmdd:dMSMessageInventoryMsg.dms-message-inventory-item.message-status = 6
tmdd:dMSMessageInventoryMsg.dms-message-inventory-item.last-update-time.date = 20130531
tmdd:dMSMessageInventoryMsg.dms-message-inventory-item.last-update-time.time = 105805
tmdd:dMSMessageInventoryMsg.dms-message-inventory-item.last-update-time.offset = 01:00
