tmdd:eSSObservationMetadataMsg.ess-observation-metadata-item.restrictions.organization-information-forwarding-restrictions = not to public
tmdd:eSSObservationMetadataMsg.ess-observation-metadata-item.ess-observation-data-set-metadata.ess-data-set-file-name = string
tmdd:eSSObservationMetadataMsg.ess-observation-metadata-item.ess-observation-data-set-metadata.ess-data-set-file-directory-path = string
tmdd:eSSObservationMetadataMsg.ess-observation-metadata-item.ess-observation-data-set-metadata.ess-data-set-file-access-protocol = 4
tmdd:eSSObservationMetadataMsg.ess-observation-metadata-item.ess-observation-data-set-metadata.ess-data-set-file-access-address = string
tmdd:eSSObservationMetadataMsg.ess-observation-metadata-item.ess-observation-data-set-metadata.ess-data-set-file-access-port-address = 3
tmdd:eSSObservationMetadataMsg.ess-observation-metadata-item.ess-observation-data-set-metadata.ess-observation-collection-frequency = 7
tmdd:eSSObservationMetadataMsg.ess-observation-metadata-item.ess-observation-data-set-metadata.ess-observation-collection-offset = 7
tmdd:eSSObservationMetadataMsg.ess-observation-metadata-item.ess-observation-data-set-metadata.ess-host-server-offset-minutes = 7
tmdd:eSSObservationMetadataMsg.ess-observation-metadata-item.ess-observation-data-set-metadata.ess-host-server-time-zone = 2
tmdd:eSSObservationMetadataMsg.ess-observation-metadata-item.ess-observation-data-set-metadata.ess-host-server-daylight-savings-in-effect-flag = 2
tmdd:eSSObservationMetadataMsg.ess-observation-metadata-item.ess-observation-data-set-metadata.user-id = string
tmdd:eSSObservationMetadataMsg.ess-observation-metadata-item.ess-observation-data-set-metadata.password = string
tmdd:eSSObservationMetadataMsg.ess-observation-metadata-item.ess-collector-configuration.ess-collector-metadata.ess-observation-positional-order = 3
tmdd:eSSObservationMetadataMsg.ess-observation-metadata-item.ess-collector-configuration.ess-collector-metadata.ess-observation-label = string
tmdd:eSSObservationMetadataMsg.ess-observation-metadata-item.ess-collector-configuration.ess-collector-metadata.ess-observation-type = 7
tmdd:eSSObservationMetadataMsg.ess-observation-metadata-item.ess-collector-configuration.ess-collector-metadata.ess-observation-null-value = string
tmdd:eSSObservationMetadataMsg.ess-observation-metadata-item.ess-collector-configuration.ess-collector-metadata.ess-observation-units = string
tmdd:eSSObservationMetadataMsg.ess-observation-metadata-item.ess-collector-configuration.ess-collector-metadata.ess-observation-decimal-scaling-factor = 1.5E2
tmdd:eSSObservationMetadataMsg.ess-observation-metadata-item.organization-information.organization-id = transcore.com
tmdd:eSSObservationMetadataMsg.ess-observation-metadata-item.organization-information.organization-name = string
tmdd:eSSObservationMetadataMsg.ess-observation-metadata-item.organization-information.organization-location = stringstri
tmdd:eSSObservationMetadataMsg.ess-observation-metadata-item.organization-information.organization-function = string
tmdd:eSSObservationMetadataMsg.ess-observation-metadata-item.organization-information.organization-contact-details.contact-id = string
tmdd:eSSObservationMetadataMsg.ess-observation-metadata-item.organization-information.organization-contact-details.person-name = string
tmdd:eSSObservationMetadataMsg.ess-observation-metadata-item.organization-information.organization-contact-details.person-title = string
tmdd:eSSObservationMetadataMsg.ess-observation-metadata-item.organization-information.organization-contact-details.phone-number = string
tmdd:eSSObservationMetadataMsg.ess-observation-metadata-item.organization-information.organization-contact-details.phone-alternate = string
tmdd:eSSObservationMetadataMsg.ess-observation-metadata-item.organization-information.organization-contact-details.mobile-phone-number = string
tmdd:eSSObservationMetadataMsg.ess-observation-metadata-item.organization-information.organization-contact-details.mobile-phone-id = string
tmdd:eSSObservationMetadataMsg.ess-observation-metadata-item.organization-information.organization-contact-details.fax-number = string
tmdd:eSSObservationMetadataMsg.ess-observation-metadata-item.organization-information.organization-contact-details.pager-number = string
tmdd:eSSObservationMetadataMsg.ess-observation-metadata-item.organization-information.organization-contact-details.pager-id = string
tmdd:eSSObservationMetadataMsg.ess-observation-metadata-item.organization-information.organization-contact-details.email-address = string
tmdd:eSSObservationMetadataMsg.ess-observation-metadata-item.organization-information.organization-contact-details.radio-unit = string
tmdd:eSSObservationMetadataMsg.ess-observation-metadata-item.organization-information.organization-contact-details.address-line1 = string
tmdd:eSSObservationMetadataMsg.ess-observation-metadata-item.organization-information.organization-contact-details.address-line2 = string
tmdd:eSSObservationMetadataMsg.ess-observation-metadata-item.organization-information.organization-contact-details.city = string
tmdd:eSSObservationMetadataMsg.ess-observation-metadata-item.organization-information.organization-contact-details.state = st
tmdd:eSSObservationMetadataMsg.ess-observation-metadata-item.organization-information.organization-contact-details.zip-code = string
tmdd:eSSObservationMetadataMsg.ess-observation-metadata-item.organization-information.organization-contact-details.country = string
tmdd:eSSObservationMetadataMsg.ess-observation-metadata-item.organization-information.center-contact-list.center-contact-details.center-id = tcore_test
tmdd:eSSObservationMetadataMsg.ess-observation-metadata-item.organization-information.center-contact-list.center-contact-details.center-name = string
tmdd:eSSObservationMetadataMsg.ess-observation-metadata-item.organization-information.center-contact-list.center-contact-details.center-location.latitude = 33964380
tmdd:eSSObservationMetadataMsg.ess-observation-metadata-item.organization-information.center-contact-list.center-contact-details.center-location.longitude = -84217945
tmdd:eSSObservationMetadataMsg.ess-observation-metadata-item.organization-information.center-contact-list.center-contact-details.center-location.horizontalDatum = 3
tmdd:eSSObservationMetadataMsg.ess-observation-metadata-item.organization-information.center-contact-list.center-contact-details.center-location.height.altitude.in = 3
tmdd:eSSObservationMetadataMsg.ess-observation-metadata-item.organization-information.center-contact-list.center-contact-details.center-location.height.verticalDatum = navd
tmdd:eSSObservationMetadataMsg.ess-observation-metadata-item.organization-information.center-contact-list.center-contact-details.center-description = string
tmdd:eSSObservationMetadataMsg.ess-observation-metadata-item.organization-information.center-contact-list.center-contact-details.center-type = 2
tmdd:eSSObservationMetadataMsg.ess-observation-metadata-item.organization-information.center-contact-list.center-contact-details.center-contact-details.contact-id = string
tmdd:eSSObservationMetadataMsg.ess-observation-metadata-item.organization-information.center-contact-list.center-contact-details.center-contact-details.person-name = string
tmdd:eSSObservationMetadataMsg.ess-observation-metadata-item.organization-information.center-contact-list.center-contact-details.center-contact-details.person-title = string
tmdd:eSSObservationMetadataMsg.ess-observation-metadata-item.organization-information.center-contact-list.center-contact-details.center-contact-details.phone-number = string
tmdd:eSSObservationMetadataMsg.ess-observation-metadata-item.organization-information.center-contact-list.center-contact-details.center-contact-details.phone-alternate = string
tmdd:eSSObservationMetadataMsg.ess-observation-metadata-item.organization-information.center-contact-list.center-contact-details.center-contact-details.mobile-phone-number = string
tmdd:eSSObservationMetadataMsg.ess-observation-metadata-item.organization-information.center-contact-list.center-contact-details.center-contact-details.mobile-phone-id = string
tmdd:eSSObservationMetadataMsg.ess-observation-metadata-item.organization-information.center-contact-list.center-contact-details.center-contact-details.fax-number = string
tmdd:eSSObservationMetadataMsg.ess-observation-metadata-item.organization-information.center-contact-list.center-contact-details.center-contact-details.pager-number = string
tmdd:eSSObservationMetadataMsg.ess-observation-metadata-item.organization-information.center-contact-list.center-contact-details.center-contact-details.pager-id = string
tmdd:eSSObservationMetadataMsg.ess-observation-metadata-item.organization-information.center-contact-list.center-contact-details.center-contact-details.email-address = string
tmdd:eSSObservationMetadataMsg.ess-observation-metadata-item.organization-information.center-contact-list.center-contact-details.center-contact-details.radio-unit = string
tmdd:eSSObservationMetadataMsg.ess-observation-metadata-item.organization-information.center-contact-list.center-contact-details.center-contact-details.address-line1 = string
tmdd:eSSObservationMetadataMsg.ess-observation-metadata-item.organization-information.center-contact-list.center-contact-details.center-contact-details.address-line2 = string
tmdd:eSSObservationMetadataMsg.ess-observation-metadata-item.organization-information.center-contact-list.center-contact-details.center-contact-details.city = string
tmdd:eSSObservationMetadataMsg.ess-observation-metadata-item.organization-information.center-contact-list.center-contact-details.center-contact-details.state = st
tmdd:eSSObservationMetadataMsg.ess-observation-metadata-item.organization-information.center-contact-list.center-contact-details.center-contact-details.zip-code = string
tmdd:eSSObservationMetadataMsg.ess-observation-metadata-item.organization-information.center-contact-list.center-contact-details.center-contact-details.country = string
tmdd:eSSObservationMetadataMsg.ess-observation-metadata-item.organization-information.last-update-time.date = 20130531
tmdd:eSSObservationMetadataMsg.ess-observation-metadata-item.organization-information.last-update-time.time = 105805
tmdd:eSSObservationMetadataMsg.ess-observation-metadata-item.organization-information.last-update-time.offset = 01:00
tmdd:eSSObservationMetadataMsg.ess-observation-metadata-item.ess-sensor-metadata-list.ess-sensor-metadata.station-id = string
tmdd:eSSObservationMetadataMsg.ess-observation-metadata-item.ess-sensor-metadata-list.ess-sensor-metadata.sensor-id = string
tmdd:eSSObservationMetadataMsg.ess-observation-metadata-item.ess-sensor-metadata-list.ess-sensor-metadata.sensor-description = string
tmdd:eSSObservationMetadataMsg.ess-observation-metadata-item.ess-sensor-metadata-list.ess-sensor-metadata.sensor-information-distribution-group = 3
tmdd:eSSObservationMetadataMsg.ess-observation-metadata-item.ess-sensor-metadata-list.ess-sensor-metadata.sensor-installation-date.date = stringst
tmdd:eSSObservationMetadataMsg.ess-observation-metadata-item.ess-sensor-metadata-list.ess-sensor-metadata.sensor-installation-date.time = string
tmdd:eSSObservationMetadataMsg.ess-observation-metadata-item.ess-sensor-metadata-list.ess-sensor-metadata.sensor-installation-date.offset = strin
tmdd:eSSObservationMetadataMsg.ess-observation-metadata-item.ess-sensor-metadata-list.ess-sensor-metadata.ess-observation-type = essPrecipitationThreeHours
tmdd:eSSObservationMetadataMsg.ess-observation-metadata-item.ess-sensor-metadata-list.ess-sensor-metadata.sensor-min-value-range = 3
tmdd:eSSObservationMetadataMsg.ess-observation-metadata-item.ess-sensor-metadata-list.ess-sensor-metadata.sensor-max-value-range = 3
tmdd:eSSObservationMetadataMsg.ess-observation-metadata-item.ess-sensor-metadata-list.ess-sensor-metadata.sensor-manufacturer = string
tmdd:eSSObservationMetadataMsg.ess-observation-metadata-item.ess-sensor-metadata-list.ess-sensor-metadata.sensor-model-number = string
tmdd:eSSObservationMetadataMsg.ess-observation-metadata-item.ess-sensor-metadata-list.ess-sensor-metadata.sensor-index = 3
tmdd:eSSObservationMetadataMsg.ess-observation-metadata-item.ess-sensor-metadata-list.ess-sensor-metadata.sensor-rate-of-change-interval = 7
tmdd:eSSObservationMetadataMsg.ess-observation-metadata-item.ess-sensor-metadata-list.ess-sensor-metadata.sensor-max-positive-rate-of-change = 1.5E2
tmdd:eSSObservationMetadataMsg.ess-observation-metadata-item.ess-sensor-metadata-list.ess-sensor-metadata.sensor-max-negative-rate-of-change = 1.5E2
tmdd:eSSObservationMetadataMsg.ess-observation-metadata-item.ess-sensor-metadata-list.ess-sensor-metadata.sensor-persistence-interval = 7
tmdd:eSSObservationMetadataMsg.ess-observation-metadata-item.ess-sensor-metadata-list.ess-sensor-metadata.sensor-persistence-threshhold = 1.5E2
tmdd:eSSObservationMetadataMsg.ess-observation-metadata-item.ess-sensor-metadata-list.ess-sensor-metadata.sensor-like-instrument-threshhold = 1.5E2
tmdd:eSSObservationMetadataMsg.ess-observation-metadata-item.ess-sensor-metadata-list.ess-sensor-metadata.sensor-maintenance-calibration-date.date = stringst
tmdd:eSSObservationMetadataMsg.ess-observation-metadata-item.ess-sensor-metadata-list.ess-sensor-metadata.sensor-maintenance-calibration-date.time = string
tmdd:eSSObservationMetadataMsg.ess-observation-metadata-item.ess-sensor-metadata-list.ess-sensor-metadata.sensor-maintenance-calibration-date.offset = strin
tmdd:eSSObservationMetadataMsg.ess-observation-metadata-item.ess-sensor-metadata-list.ess-sensor-metadata.sensor-last-maintenance-date.date = stringst
tmdd:eSSObservationMetadataMsg.ess-observation-metadata-item.ess-sensor-metadata-list.ess-sensor-metadata.sensor-last-maintenance-date.time = string
tmdd:eSSObservationMetadataMsg.ess-observation-metadata-item.ess-sensor-metadata-list.ess-sensor-metadata.sensor-last-maintenance-date.offset = strin
tmdd:eSSObservationMetadataMsg.ess-observation-metadata-item.ess-sensor-metadata-list.ess-sensor-metadata.sensor-serial-number = string
tmdd:eSSObservationMetadataMsg.ess-observation-metadata-item.ess-sensor-metadata-list.ess-sensor-metadata.sensor-resolution = 1.5E2
tmdd:eSSObservationMetadataMsg.ess-observation-metadata-item.ess-sensor-metadata-list.ess-sensor-metadata.sensor-accuracy = 1.5E2
tmdd:eSSObservationMetadataMsg.ess-observation-metadata-item.ess-sensor-metadata-list.ess-sensor-metadata.sensor-min-value-output = 3
tmdd:eSSObservationMetadataMsg.ess-observation-metadata-item.ess-sensor-metadata-list.ess-sensor-metadata.sensor-max-value-output = 3
tmdd:eSSObservationMetadataMsg.ess-observation-metadata-item.ess-sensor-metadata-list.ess-sensor-metadata.sensor-to-station-north-south-offset = 1.5E2
tmdd:eSSObservationMetadataMsg.ess-observation-metadata-item.ess-sensor-metadata-list.ess-sensor-metadata.sensor-to-station-east-west-offset = 1.5E2
tmdd:eSSObservationMetadataMsg.ess-observation-metadata-item.ess-sensor-metadata-list.ess-sensor-metadata.sensor-to-station-elevation-offset = 1.5E2
tmdd:eSSObservationMetadataMsg.ess-observation-metadata-item.ess-sensor-metadata-list.ess-sensor-metadata.sensor-to-surface-elevation-offset = 1.5E2
tmdd:eSSObservationMetadataMsg.ess-observation-metadata-item.ess-sensor-metadata-list.ess-sensor-metadata.sensor-embedded-material-description = string
tmdd:eSSObservationMetadataMsg.ess-observation-metadata-item.ess-sensor-metadata-list.ess-sensor-metadata.sensor-output-average-interval = 7
tmdd:eSSObservationMetadataMsg.ess-observation-metadata-item.ess-sensor-metadata-list.ess-sensor-metadata.sensor-output-internal-units = string
tmdd:eSSObservationMetadataMsg.ess-observation-metadata-item.ess-sensor-metadata-list.ess-sensor-metadata.sensor-last-out-of-service-begin-date-time.date = stringst
tmdd:eSSObservationMetadataMsg.ess-observation-metadata-item.ess-sensor-metadata-list.ess-sensor-metadata.sensor-last-out-of-service-begin-date-time.time = string
tmdd:eSSObservationMetadataMsg.ess-observation-metadata-item.ess-sensor-metadata-list.ess-sensor-metadata.sensor-last-out-of-service-begin-date-time.offset = strin
tmdd:eSSObservationMetadataMsg.ess-observation-metadata-item.ess-sensor-metadata-list.ess-sensor-metadata.sensor-last-out-of-service-end-date-time.date = stringst
tmdd:eSSObservationMetadataMsg.ess-observation-metadata-item.ess-sensor-metadata-list.ess-sensor-metadata.sensor-last-out-of-service-end-date-time.time = string
tmdd:eSSObservationMetadataMsg.ess-observation-metadata-item.ess-sensor-metadata-list.ess-sensor-metadata.sensor-last-out-of-service-end-date-time.offset = strin
tmdd:eSSObservationMetadataMsg.ess-observation-metadata-item.ess-sensor-metadata-list.ess-sensor-metadata.sensor-sampling-interval = 7
tmdd:eSSObservationMetadataMsg.ess-observation-metadata-item.site-information.site-id = string
tmdd:eSSObservationMetadataMsg.ess-observation-metadata-item.site-information.site-description = string
tmdd:eSSObservationMetadataMsg.ess-observation-metadata-item.site-information.site-directions-description = string
tmdd:eSSObservationMetadataMsg.ess-observation-metadata-item.site-information.site-representativeness = string
tmdd:eSSObservationMetadataMsg.ess-observation-metadata-item.site-information.site-obstructions-description = string
tmdd:eSSObservationMetadataMsg.ess-observation-metadata-item.site-information.site-landscape-description = string
tmdd:eSSObservationMetadataMsg.ess-observation-metadata-item.site-information.site-has-access-control-flag = no
tmdd:eSSObservationMetadataMsg.ess-observation-metadata-item.site-information.site-roadway-name = string
tmdd:eSSObservationMetadataMsg.ess-observation-metadata-item.site-information.site-roadway-linear-reference = string
tmdd:eSSObservationMetadataMsg.ess-observation-metadata-item.site-information.site-roadway-linear-reference-version = 6
tmdd:eSSObservationMetadataMsg.ess-observation-metadata-item.site-information.site-roadway-linear-reference-units = milepost
tmdd:eSSObservationMetadataMsg.ess-observation-metadata-item.site-information.site-roadway-to-station-distance = 1.5E2
tmdd:eSSObservationMetadataMsg.ess-observation-metadata-item.site-information.site-roadway-to-station-elevation = 1.5E2
tmdd:eSSObservationMetadataMsg.ess-observation-metadata-item.site-information.site-jurisdiction-name = string
tmdd:eSSObservationMetadataMsg.ess-observation-metadata-item.site-information.site-state-code = st
tmdd:eSSObservationMetadataMsg.ess-observation-metadata-item.site-information.site-country-code = MEX
tmdd:eSSObservationMetadataMsg.ess-observation-metadata-item.site-information.site-slope-angle = 3
tmdd:eSSObservationMetadataMsg.ess-observation-metadata-item.site-information.site-grade-direction = 3
tmdd:eSSObservationMetadataMsg.ess-observation-metadata-item.site-information.site-wind-roughness-from-north = 7
tmdd:eSSObservationMetadataMsg.ess-observation-metadata-item.site-information.site-wind-roughness-from-south = 7
tmdd:eSSObservationMetadataMsg.ess-observation-metadata-item.site-information.site-wind-roughness-from-east = 7
tmdd:eSSObservationMetadataMsg.ess-observation-metadata-item.site-information.site-wind-roughness-from-west = 7
tmdd:eSSObservationMetadataMsg.ess-observation-metadata-item.site-information.site-soil-description = string
tmdd:eSSObservationMetadataMsg.ess-observation-metadata-item.site-information.site-soil-percent-sand = 7
tmdd:eSSObservationMetadataMsg.ess-observation-metadata-item.site-information.site-soil-percent-silt = 7
tmdd:eSSObservationMetadataMsg.ess-observation-metadata-item.site-information.site-soil-percent-clay = 7
tmdd:eSSObservationMetadataMsg.ess-observation-metadata-item.station-information.station-category = permanent
tmdd:eSSObservationMetadataMsg.ess-observation-metadata-item.station-information.station-id = string
tmdd:eSSObservationMetadataMsg.ess-observation-metadata-item.station-information.station-location.latitude = 33964380
tmdd:eSSObservationMetadataMsg.ess-observation-metadata-item.station-information.station-location.longitude = -84217945
tmdd:eSSObservationMetadataMsg.ess-observation-metadata-item.station-information.station-location.horizontalDatum = 3
tmdd:eSSObservationMetadataMsg.ess-observation-metadata-item.station-information.station-location.height.altitude.km = 1
tmdd:eSSObservationMetadataMsg.ess-observation-metadata-item.station-information.station-location.height.verticalDatum = 1
tmdd:eSSObservationMetadataMsg.ess-observation-metadata-item.station-information.station-elevation = 1
tmdd:eSSObservationMetadataMsg.ess-observation-metadata-item.station-information.station-description = string
tmdd:eSSObservationMetadataMsg.ess-observation-metadata-item.station-information.station-type = 3
tmdd:eSSObservationMetadataMsg.ess-observation-metadata-item.station-information.station-horizontal-datum = nad27
tmdd:eSSObservationMetadataMsg.ess-observation-metadata-item.station-information.station-vertical-datum = 1
tmdd:eSSObservationMetadataMsg.ess-observation-metadata-item.station-information.station-power-source = line
tmdd:eSSObservationMetadataMsg.ess-observation-metadata-item.station-information.station-door-status = 1
tmdd:eSSObservationMetadataMsg.ess-observation-metadata-item.station-information.station-battery-status = 6
tmdd:eSSObservationMetadataMsg.ess-observation-metadata-item.station-information.station-line-volts = 6
tmdd:eSSObservationMetadataMsg.ess-observation-metadata-item.station-information.station-maintenance-group-name = string
tmdd:eSSObservationMetadataMsg.ess-observation-metadata-item.station-information.station-maintenance-contact-information.contact-id = string
tmdd:eSSObservationMetadataMsg.ess-observation-metadata-item.station-information.station-maintenance-contact-information.person-name = string
tmdd:eSSObservationMetadataMsg.ess-observation-metadata-item.station-information.station-maintenance-contact-information.person-title = string
tmdd:eSSObservationMetadataMsg.ess-observation-metadata-item.station-information.station-maintenance-contact-information.phone-number = string
tmdd:eSSObservationMetadataMsg.ess-observation-metadata-item.station-information.station-maintenance-contact-information.phone-alternate = string
tmdd:eSSObservationMetadataMsg.ess-observation-metadata-item.station-information.station-maintenance-contact-information.mobile-phone-number = string
tmdd:eSSObservationMetadataMsg.ess-observation-metadata-item.station-information.station-maintenance-contact-information.mobile-phone-id = string
tmdd:eSSObservationMetadataMsg.ess-observation-metadata-item.station-information.station-maintenance-contact-information.fax-number = string
tmdd:eSSObservationMetadataMsg.ess-observation-metadata-item.station-information.station-maintenance-contact-information.pager-number = string
tmdd:eSSObservationMetadataMsg.ess-observation-metadata-item.station-information.station-maintenance-contact-information.pager-id = string
tmdd:eSSObservationMetadataMsg.ess-observation-metadata-item.station-information.station-maintenance-contact-information.email-address = string
tmdd:eSSObservationMetadataMsg.ess-observation-metadata-item.station-information.station-maintenance-contact-information.radio-unit = string
tmdd:eSSObservationMetadataMsg.ess-observation-metadata-item.station-information.station-maintenance-contact-information.address-line1 = string
tmdd:eSSObservationMetadataMsg.ess-observation-metadata-item.station-information.station-maintenance-contact-information.address-line2 = string
tmdd:eSSObservationMetadataMsg.ess-observation-metadata-item.station-information.station-maintenance-contact-information.city = string
tmdd:eSSObservationMetadataMsg.ess-observation-metadata-item.station-information.station-maintenance-contact-information.state = st
tmdd:eSSObservationMetadataMsg.ess-observation-metadata-item.station-information.station-maintenance-contact-information.zip-code = string
tmdd:eSSObservationMetadataMsg.ess-observation-metadata-item.station-information.station-maintenance-contact-information.country = string
tmdd:eSSObservationMetadataMsg.ess-observation-metadata-item.station-information.station-maintenance-frequency = 7
tmdd:eSSObservationMetadataMsg.ess-observation-metadata-item.station-information.station-maintenance-calibration-frequency = 7
tmdd:eSSObservationMetadataMsg.ess-observation-metadata-item.station-information.station-maintenance-status = out of service
tmdd:eSSObservationMetadataMsg.ess-observation-metadata-item.station-information.station-installation-date.date = stringst
tmdd:eSSObservationMetadataMsg.ess-observation-metadata-item.station-information.station-installation-date.time = string
tmdd:eSSObservationMetadataMsg.ess-observation-metadata-item.station-information.station-installation-date.offset = strin
tmdd:eSSObservationMetadataMsg.ess-observation-metadata-item.station-information.station-number-of-devices = 7
tmdd:eSSObservationMetadataMsg.ess-observation-metadata-item.station-information.station-comm-method = 2
tmdd:eSSObservationMetadataMsg.ess-observation-metadata-item.station-information.station-telephone-number = string
tmdd:eSSObservationMetadataMsg.ess-observation-metadata-item.station-information.station-ip-address = string
tmdd:eSSObservationMetadataMsg.ess-observation-metadata-item.station-information.station-manufacturer = string
tmdd:eSSObservationMetadataMsg.ess-observation-metadata-item.station-information.station-observation-collection-frequency = 7
tmdd:eSSObservationMetadataMsg.ess-observation-metadata-item.station-information.station-observation-collection-offset = 7
tmdd:eSSObservationMetadataMsg.ess-observation-metadata-item.station-information.station-transmission-frequency = 7
tmdd:eSSObservationMetadataMsg.ess-observation-metadata-item.station-information.station-transmission-offset = 7
tmdd:eSSObservationMetadataMsg.ess-observation-metadata-item.station-information.station-transmission-format = string
tmdd:eSSObservationMetadataMsg.ess-observation-metadata-item.climate-record-information.climate-observation-month = 7
tmdd:eSSObservationMetadataMsg.ess-observation-metadata-item.climate-record-information.climate-observation-month-min-value = 3
tmdd:eSSObservationMetadataMsg.ess-observation-metadata-item.climate-record-information.climate-month-max-value = 3
tmdd:eSSObservationMetadataMsg.ess-observation-metadata-item.data-collector-information.data-collector-description = string
tmdd:eSSObservationMetadataMsg.ess-observation-metadata-item.data-collector-information.data-collector-installation-date.date = stringst
tmdd:eSSObservationMetadataMsg.ess-observation-metadata-item.data-collector-information.data-collector-installation-date.time = string
tmdd:eSSObservationMetadataMsg.ess-observation-metadata-item.data-collector-information.data-collector-installation-date.offset = strin
tmdd:eSSObservationMetadataMsg.ess-observation-metadata-item.data-collector-information.data-collector-manufacturer = string
tmdd:eSSObservationMetadataMsg.ess-observation-metadata-item.data-collector-information.data-collector-product-name = string
tmdd:eSSObservationMetadataMsg.ess-observation-metadata-item.data-collector-information.data-collector-model-number-software-version = string
tmdd:eSSObservationMetadataMsg.ess-observation-metadata-item.image-information.image-description = string
tmdd:eSSObservationMetadataMsg.ess-observation-metadata-item.image-information.image-url = string
