tmdd:rampMeterPriorityQueueMsg.ramp-meter-priority-queue-item.device-priority-queue-header.restrictions.organization-information-forwarding-restrictions = not to public
tmdd:rampMeterPriorityQueueMsg.ramp-meter-priority-queue-item.device-priority-queue-header.device-id = string
tmdd:rampMeterPriorityQueueMsg.ramp-meter-priority-queue-item.device-priority-queue-header.device-type = ramp meter
tmdd:rampMeterPriorityQueueMsg.ramp-meter-priority-queue-item.device-priority-queue-header.current-device-priority = 6
tmdd:rampMeterPriorityQueueMsg.ramp-meter-priority-queue-item.device-priority-queue-header.device-priority-queue-list.device-priority-queue-item.organization-requesting.organization-id = transcore.com
tmdd:rampMeterPriorityQueueMsg.ramp-meter-priority-queue-item.device-priority-queue-header.device-priority-queue-list.device-priority-queue-item.organization-requesting.organization-name = string
tmdd:rampMeterPriorityQueueMsg.ramp-meter-priority-queue-item.device-priority-queue-header.device-priority-queue-list.device-priority-queue-item.organization-requesting.organization-location = stringstri
tmdd:rampMeterPriorityQueueMsg.ramp-meter-priority-queue-item.device-priority-queue-header.device-priority-queue-list.device-priority-queue-item.organization-requesting.organization-function = string
tmdd:rampMeterPriorityQueueMsg.ramp-meter-priority-queue-item.device-priority-queue-header.device-priority-queue-list.device-priority-queue-item.organization-requesting.organization-contact-details.contact-id = string
tmdd:rampMeterPriorityQueueMsg.ramp-meter-priority-queue-item.device-priority-queue-header.device-priority-queue-list.device-priority-queue-item.organization-requesting.organization-contact-details.person-name = string
tmdd:rampMeterPriorityQueueMsg.ramp-meter-priority-queue-item.device-priority-queue-header.device-priority-queue-list.device-priority-queue-item.organization-requesting.organization-contact-details.person-title = string
tmdd:rampMeterPriorityQueueMsg.ramp-meter-priority-queue-item.device-priority-queue-header.device-priority-queue-list.device-priority-queue-item.organization-requesting.organization-contact-details.phone-number = string
tmdd:rampMeterPriorityQueueMsg.ramp-meter-priority-queue-item.device-priority-queue-header.device-priority-queue-list.device-priority-queue-item.organization-requesting.organization-contact-details.phone-alternate = string
tmdd:rampMeterPriorityQueueMsg.ramp-meter-priority-queue-item.device-priority-queue-header.device-priority-queue-list.device-priority-queue-item.organization-requesting.organization-contact-details.mobile-phone-number = string
tmdd:rampMeterPriorityQueueMsg.ramp-meter-priority-queue-item.device-priority-queue-header.device-priority-queue-list.device-priority-queue-item.organization-requesting.organization-contact-details.mobile-phone-id = string
tmdd:rampMeterPriorityQueueMsg.ramp-meter-priority-queue-item.device-priority-queue-header.device-priority-queue-list.device-priority-queue-item.organization-requesting.organization-contact-details.fax-number = string
tmdd:rampMeterPriorityQueueMsg.ramp-meter-priority-queue-item.device-priority-queue-header.device-priority-queue-list.device-priority-queue-item.organization-requesting.organization-contact-details.pager-number = string
tmdd:rampMeterPriorityQueueMsg.ramp-meter-priority-queue-item.device-priority-queue-header.device-priority-queue-list.device-priority-queue-item.organization-requesting.organization-contact-details.pager-id = string
tmdd:rampMeterPriorityQueueMsg.ramp-meter-priority-queue-item.device-priority-queue-header.device-priority-queue-list.device-priority-queue-item.organization-requesting.organization-contact-details.email-address = string
tmdd:rampMeterPriorityQueueMsg.ramp-meter-priority-queue-item.device-priority-queue-header.device-priority-queue-list.device-priority-queue-item.organization-requesting.organization-contact-details.radio-unit = string
tmdd:rampMeterPriorityQueueMsg.ramp-meter-priority-queue-item.device-priority-queue-header.device-priority-queue-list.device-priority-queue-item.organization-requesting.organization-contact-details.address-line1 = string
tmdd:rampMeterPriorityQueueMsg.ramp-meter-priority-queue-item.device-priority-queue-header.device-priority-queue-list.device-priority-queue-item.organization-requesting.organization-contact-details.address-line2 = string
tmdd:rampMeterPriorityQueueMsg.ramp-meter-priority-queue-item.device-priority-queue-header.device-priority-queue-list.device-priority-queue-item.organization-requesting.organization-contact-details.city = string
tmdd:rampMeterPriorityQueueMsg.ramp-meter-priority-queue-item.device-priority-queue-header.device-priority-queue-list.device-priority-queue-item.organization-requesting.organization-contact-details.state = st
tmdd:rampMeterPriorityQueueMsg.ramp-meter-priority-queue-item.device-priority-queue-header.device-priority-queue-list.device-priority-queue-item.organization-requesting.organization-contact-details.zip-code = string
tmdd:rampMeterPriorityQueueMsg.ramp-meter-priority-queue-item.device-priority-queue-header.device-priority-queue-list.device-priority-queue-item.organization-requesting.organization-contact-details.country = string
tmdd:rampMeterPriorityQueueMsg.ramp-meter-priority-queue-item.device-priority-queue-header.device-priority-queue-list.device-priority-queue-item.organization-requesting.center-contact-list.center-contact-details.center-id = tcore_test
tmdd:rampMeterPriorityQueueMsg.ramp-meter-priority-queue-item.device-priority-queue-header.device-priority-queue-list.device-priority-queue-item.organization-requesting.center-contact-list.center-contact-details.center-name = string
tmdd:rampMeterPriorityQueueMsg.ramp-meter-priority-queue-item.device-priority-queue-header.device-priority-queue-list.device-priority-queue-item.organization-requesting.center-contact-list.center-contact-details.center-location.latitude = 33964380
tmdd:rampMeterPriorityQueueMsg.ramp-meter-priority-queue-item.device-priority-queue-header.device-priority-queue-list.device-priority-queue-item.organization-requesting.center-contact-list.center-contact-details.center-location.longitude = -84217945
tmdd:rampMeterPriorityQueueMsg.ramp-meter-priority-queue-item.device-priority-queue-header.device-priority-queue-list.device-priority-queue-item.organization-requesting.center-contact-list.center-contact-details.center-location.horizontalDatum = 3
tmdd:rampMeterPriorityQueueMsg.ramp-meter-priority-queue-item.device-priority-queue-header.device-priority-queue-list.device-priority-queue-item.organization-requesting.center-contact-list.center-contact-details.center-location.height.altitude.dm = 3
tmdd:rampMeterPriorityQueueMsg.ramp-meter-priority-queue-item.device-priority-queue-header.device-priority-queue-list.device-priority-queue-item.organization-requesting.center-contact-list.center-contact-details.center-location.height.verticalDatum = 1
tmdd:rampMeterPriorityQueueMsg.ramp-meter-priority-queue-item.device-priority-queue-header.device-priority-queue-list.device-priority-queue-item.organization-requesting.center-contact-list.center-contact-details.center-description = string
tmdd:rampMeterPriorityQueueMsg.ramp-meter-priority-queue-item.device-priority-queue-header.device-priority-queue-list.device-priority-queue-item.organization-requesting.center-contact-list.center-contact-details.center-type = mobile
tmdd:rampMeterPriorityQueueMsg.ramp-meter-priority-queue-item.device-priority-queue-header.device-priority-queue-list.device-priority-queue-item.organization-requesting.center-contact-list.center-contact-details.center-contact-details.contact-id = string
tmdd:rampMeterPriorityQueueMsg.ramp-meter-priority-queue-item.device-priority-queue-header.device-priority-queue-list.device-priority-queue-item.organization-requesting.center-contact-list.center-contact-details.center-contact-details.person-name = string
tmdd:rampMeterPriorityQueueMsg.ramp-meter-priority-queue-item.device-priority-queue-header.device-priority-queue-list.device-priority-queue-item.organization-requesting.center-contact-list.center-contact-details.center-contact-details.person-title = string
tmdd:rampMeterPriorityQueueMsg.ramp-meter-priority-queue-item.device-priority-queue-header.device-priority-queue-list.device-priority-queue-item.organization-requesting.center-contact-list.center-contact-details.center-contact-details.phone-number = string
tmdd:rampMeterPriorityQueueMsg.ramp-meter-priority-queue-item.device-priority-queue-header.device-priority-queue-list.device-priority-queue-item.organization-requesting.center-contact-list.center-contact-details.center-contact-details.phone-alternate = string
tmdd:rampMeterPriorityQueueMsg.ramp-meter-priority-queue-item.device-priority-queue-header.device-priority-queue-list.device-priority-queue-item.organization-requesting.center-contact-list.center-contact-details.center-contact-details.mobile-phone-number = string
tmdd:rampMeterPriorityQueueMsg.ramp-meter-priority-queue-item.device-priority-queue-header.device-priority-queue-list.device-priority-queue-item.organization-requesting.center-contact-list.center-contact-details.center-contact-details.mobile-phone-id = string
tmdd:rampMeterPriorityQueueMsg.ramp-meter-priority-queue-item.device-priority-queue-header.device-priority-queue-list.device-priority-queue-item.organization-requesting.center-contact-list.center-contact-details.center-contact-details.fax-number = string
tmdd:rampMeterPriorityQueueMsg.ramp-meter-priority-queue-item.device-priority-queue-header.device-priority-queue-list.device-priority-queue-item.organization-requesting.center-contact-list.center-contact-details.center-contact-details.pager-number = string
tmdd:rampMeterPriorityQueueMsg.ramp-meter-priority-queue-item.device-priority-queue-header.device-priority-queue-list.device-priority-queue-item.organization-requesting.center-contact-list.center-contact-details.center-contact-details.pager-id = string
tmdd:rampMeterPriorityQueueMsg.ramp-meter-priority-queue-item.device-priority-queue-header.device-priority-queue-list.device-priority-queue-item.organization-requesting.center-contact-list.center-contact-details.center-contact-details.email-address = string
tmdd:rampMeterPriorityQueueMsg.ramp-meter-priority-queue-item.device-priority-queue-header.device-priority-queue-list.device-priority-queue-item.organization-requesting.center-contact-list.center-contact-details.center-contact-details.radio-unit = string
tmdd:rampMeterPriorityQueueMsg.ramp-meter-priority-queue-item.device-priority-queue-header.device-priority-queue-list.device-priority-queue-item.organization-requesting.center-contact-list.center-contact-details.center-contact-details.address-line1 = string
tmdd:rampMeterPriorityQueueMsg.ramp-meter-priority-queue-item.device-priority-queue-header.device-priority-queue-list.device-priority-queue-item.organization-requesting.center-contact-list.center-contact-details.center-contact-details.address-line2 = string
tmdd:rampMeterPriorityQueueMsg.ramp-meter-priority-queue-item.device-priority-queue-header.device-priority-queue-list.device-priority-queue-item.organization-requesting.center-contact-list.center-contact-details.center-contact-details.city = string
tmdd:rampMeterPriorityQueueMsg.ramp-meter-priority-queue-item.device-priority-queue-header.device-priority-queue-list.device-priority-queue-item.organization-requesting.center-contact-list.center-contact-details.center-contact-details.state = st
tmdd:rampMeterPriorityQueueMsg.ramp-meter-priority-queue-item.device-priority-queue-header.device-priority-queue-list.device-priority-queue-item.organization-requesting.center-contact-list.center-contact-details.center-contact-details.zip-code = string
tmdd:rampMeterPriorityQueueMsg.ramp-meter-priority-queue-item.device-priority-queue-header.device-priority-queue-list.device-priority-queue-item.organization-requesting.center-contact-list.center-contact-details.center-contact-details.country = string
tmdd:rampMeterPriorityQueueMsg.ramp-meter-priority-queue-item.device-priority-queue-header.device-priority-queue-list.device-priority-queue-item.organization-requesting.last-update-time.date = 20130531
tmdd:rampMeterPriorityQueueMsg.ramp-meter-priority-queue-item.device-priority-queue-header.device-priority-queue-list.device-priority-queue-item.organization-requesting.last-update-time.time = 105805
tmdd:rampMeterPriorityQueueMsg.ramp-meter-priority-queue-item.device-priority-queue-header.device-priority-queue-list.device-priority-queue-item.organization-requesting.last-update-time.offset = 01:00
tmdd:rampMeterPriorityQueueMsg.ramp-meter-priority-queue-item.device-priority-queue-header.device-priority-queue-list.device-priority-queue-item.command-request-priority = 6
tmdd:rampMeterPriorityQueueMsg.ramp-meter-priority-queue-item.device-priority-queue-header.device-priority-queue-list.device-priority-queue-item.operator-id = string
tmdd:rampMeterPriorityQueueMsg.ramp-meter-priority-queue-item.device-priority-queue-header.device-priority-queue-list.device-priority-queue-item.request-id = string
tmdd:rampMeterPriorityQueueMsg.ramp-meter-priority-queue-item.device-priority-queue-header.device-priority-queue-list.device-priority-queue-item.event-id = string
tmdd:rampMeterPriorityQueueMsg.ramp-meter-priority-queue-item.device-priority-queue-header.device-priority-queue-list.device-priority-queue-item.response-plan-id = string
tmdd:rampMeterPriorityQueueMsg.ramp-meter-priority-queue-item.device-priority-queue-header.device-priority-queue-list.device-priority-queue-item.command-start-time.date = stringst
tmdd:rampMeterPriorityQueueMsg.ramp-meter-priority-queue-item.device-priority-queue-header.device-priority-queue-list.device-priority-queue-item.command-start-time.time = string
tmdd:rampMeterPriorityQueueMsg.ramp-meter-priority-queue-item.device-priority-queue-header.device-priority-queue-list.device-priority-queue-item.command-start-time.offset = strin
tmdd:rampMeterPriorityQueueMsg.ramp-meter-priority-queue-item.device-priority-queue-header.device-priority-queue-list.device-priority-queue-item.command-end-time.date = stringst
tmdd:rampMeterPriorityQueueMsg.ramp-meter-priority-queue-item.device-priority-queue-header.device-priority-queue-list.device-priority-queue-item.command-end-time.time = string
tmdd:rampMeterPriorityQueueMsg.ramp-meter-priority-queue-item.device-priority-queue-header.device-priority-queue-list.device-priority-queue-item.command-end-time.offset = strin
tmdd:rampMeterPriorityQueueMsg.ramp-meter-priority-queue-item.metered-lane-identifier = string
tmdd:rampMeterPriorityQueueMsg.ramp-meter-priority-queue-item.meter-request-command = hold rest in green
tmdd:rampMeterPriorityQueueMsg.ramp-meter-priority-queue-item.meter-queue-parameters.meter-requested-plan = 6
tmdd:rampMeterPriorityQueueMsg.ramp-meter-priority-queue-item.meter-queue-parameters.meter-requested-rate = 5
