tmdd:cCTVStatusMsg.cctv-status-item.device-status-header.restrictions.organization-information-forwarding-restrictions = not to public
tmdd:cCTVStatusMsg.cctv-status-item.device-status-header.organization-information.organization-id = transcore.com
tmdd:cCTVStatusMsg.cctv-status-item.device-status-header.organization-information.organization-name = string
tmdd:cCTVStatusMsg.cctv-status-item.device-status-header.organization-information.organization-location = stringstri
tmdd:cCTVStatusMsg.cctv-status-item.device-status-header.organization-information.organization-function = string
tmdd:cCTVStatusMsg.cctv-status-item.device-status-header.organization-information.organization-contact-details.contact-id = string
tmdd:cCTVStatusMsg.cctv-status-item.device-status-header.organization-information.organization-contact-details.person-name = string
tmdd:cCTVStatusMsg.cctv-status-item.device-status-header.organization-information.organization-contact-details.person-title = string
tmdd:cCTVStatusMsg.cctv-status-item.device-status-header.organization-information.organization-contact-details.phone-number = string
tmdd:cCTVStatusMsg.cctv-status-item.device-status-header.organization-information.organization-contact-details.phone-alternate = string
tmdd:cCTVStatusMsg.cctv-status-item.device-status-header.organization-information.organization-contact-details.mobile-phone-number = string
tmdd:cCTVStatusMsg.cctv-status-item.device-status-header.organization-information.organization-contact-details.mobile-phone-id = string
tmdd:cCTVStatusMsg.cctv-status-item.device-status-header.organization-information.organization-contact-details.fax-number = string
tmdd:cCTVStatusMsg.cctv-status-item.device-status-header.organization-information.organization-contact-details.pager-number = string
tmdd:cCTVStatusMsg.cctv-status-item.device-status-header.organization-information.organization-contact-details.pager-id = string
tmdd:cCTVStatusMsg.cctv-status-item.device-status-header.organization-information.organization-contact-details.email-address = string
tmdd:cCTVStatusMsg.cctv-status-item.device-status-header.organization-information.organization-contact-details.radio-unit = string
tmdd:cCTVStatusMsg.cctv-status-item.device-status-header.organization-information.organization-contact-details.address-line1 = string
tmdd:cCTVStatusMsg.cctv-status-item.device-status-header.organization-information.organization-contact-details.address-line2 = string
tmdd:cCTVStatusMsg.cctv-status-item.device-status-header.organization-information.organization-contact-details.city = string
tmdd:cCTVStatusMsg.cctv-status-item.device-status-header.organization-information.organization-contact-details.state = st
tmdd:cCTVStatusMsg.cctv-status-item.device-status-header.organization-information.organization-contact-details.zip-code = string
tmdd:cCTVStatusMsg.cctv-status-item.device-status-header.organization-information.organization-contact-details.country = string
tmdd:cCTVStatusMsg.cctv-status-item.device-status-header.organization-information.center-contact-list.center-contact-details.center-id = tcore_test
tmdd:cCTVStatusMsg.cctv-status-item.device-status-header.organization-information.center-contact-list.center-contact-details.center-name = string
tmdd:cCTVStatusMsg.cctv-status-item.device-status-header.organization-information.center-contact-list.center-contact-details.center-location.latitude = 33964380
tmdd:cCTVStatusMsg.cctv-status-item.device-status-header.organization-information.center-contact-list.center-contact-details.center-location.longitude = -84217945
tmdd:cCTVStatusMsg.cctv-status-item.device-status-header.organization-information.center-contact-list.center-contact-details.center-location.horizontalDatum = 3
tmdd:cCTVStatusMsg.cctv-status-item.device-status-header.organization-information.center-contact-list.center-contact-details.center-location.height.altitude.ft = 3
tmdd:cCTVStatusMsg.cctv-status-item.device-status-header.organization-information.center-contact-list.center-contact-details.center-location.height.verticalDatum = 1
tmdd:cCTVStatusMsg.cctv-status-item.device-status-header.organization-information.center-contact-list.center-contact-details.center-description = string
tmdd:cCTVStatusMsg.cctv-status-item.device-status-header.organization-information.center-contact-list.center-contact-details.center-type = 2
tmdd:cCTVStatusMsg.cctv-status-item.device-status-header.organization-information.center-contact-list.center-contact-details.center-contact-details.contact-id = string
tmdd:cCTVStatusMsg.cctv-status-item.device-status-header.organization-information.center-contact-list.center-contact-details.center-contact-details.person-name = string
tmdd:cCTVStatusMsg.cctv-status-item.device-status-header.organization-information.center-contact-list.center-contact-details.center-contact-details.person-title = string
tmdd:cCTVStatusMsg.cctv-status-item.device-status-header.organization-information.center-contact-list.center-contact-details.center-contact-details.phone-number = string
tmdd:cCTVStatusMsg.cctv-status-item.device-status-header.organization-information.center-contact-list.center-contact-details.center-contact-details.phone-alternate = string
tmdd:cCTVStatusMsg.cctv-status-item.device-status-header.organization-information.center-contact-list.center-contact-details.center-contact-details.mobile-phone-number = string
tmdd:cCTVStatusMsg.cctv-status-item.device-status-header.organization-information.center-contact-list.center-contact-details.center-contact-details.mobile-phone-id = string
tmdd:cCTVStatusMsg.cctv-status-item.device-status-header.organization-information.center-contact-list.center-contact-details.center-contact-details.fax-number = string
tmdd:cCTVStatusMsg.cctv-status-item.device-status-header.organization-information.center-contact-list.center-contact-details.center-contact-details.pager-number = string
tmdd:cCTVStatusMsg.cctv-status-item.device-status-header.organization-information.center-contact-list.center-contact-details.center-contact-details.pager-id = string
tmdd:cCTVStatusMsg.cctv-status-item.device-status-header.organization-information.center-contact-list.center-contact-details.center-contact-details.email-address = string
tmdd:cCTVStatusMsg.cctv-status-item.device-status-header.organization-information.center-contact-list.center-contact-details.center-contact-details.radio-unit = string
tmdd:cCTVStatusMsg.cctv-status-item.device-status-header.organization-information.center-contact-list.center-contact-details.center-contact-details.address-line1 = string
tmdd:cCTVStatusMsg.cctv-status-item.device-status-header.organization-information.center-contact-list.center-contact-details.center-contact-details.address-line2 = string
tmdd:cCTVStatusMsg.cctv-status-item.device-status-header.organization-information.center-contact-list.center-contact-details.center-contact-details.city = string
tmdd:cCTVStatusMsg.cctv-status-item.device-status-header.organization-information.center-contact-list.center-contact-details.center-contact-details.state = st
tmdd:cCTVStatusMsg.cctv-status-item.device-status-header.organization-information.center-contact-list.center-contact-details.center-contact-details.zip-code = string
tmdd:cCTVStatusMsg.cctv-status-item.device-status-header.organization-information.center-contact-list.center-contact-details.center-contact-details.country = string
tmdd:cCTVStatusMsg.cctv-status-item.device-status-header.organization-information.last-update-time.date = 20130531
tmdd:cCTVStatusMsg.cctv-status-item.device-status-header.organization-information.last-update-time.time = 105805
tmdd:cCTVStatusMsg.cctv-status-item.device-status-header.organization-information.last-update-time.offset = 01:00
tmdd:cCTVStatusMsg.cctv-status-item.device-status-header.device-id = string
tmdd:cCTVStatusMsg.cctv-status-item.device-status-header.device-status = other
tmdd:cCTVStatusMsg.cctv-status-item.device-status-header.center-id = tcore_test
tmdd:cCTVStatusMsg.cctv-status-item.device-status-header.device-comm-status = operational
tmdd:cCTVStatusMsg.cctv-status-item.device-status-header.operator-id = string
tmdd:cCTVStatusMsg.cctv-status-item.device-status-header.event-id = string
tmdd:cCTVStatusMsg.cctv-status-item.device-status-header.response-plan-id = string
tmdd:cCTVStatusMsg.cctv-status-item.device-status-header.last-comm-time.date = stringst
tmdd:cCTVStatusMsg.cctv-status-item.device-status-header.last-comm-time.time = string
tmdd:cCTVStatusMsg.cctv-status-item.device-status-header.last-comm-time.offset = strin
tmdd:cCTVStatusMsg.cctv-status-item.cctv-error = 3
tmdd:cCTVStatusMsg.cctv-status-item.cctv-image-list.cctv-image = ntsc
tmdd:cCTVStatusMsg.cctv-status-item.cctv-position-preset = 6
tmdd:cCTVStatusMsg.cctv-status-item.cctv-position-pan = stri
tmdd:cCTVStatusMsg.cctv-status-item.cctv-position-tilt = stri
tmdd:cCTVStatusMsg.cctv-status-item.cctv-position-zoom-lens = stri
tmdd:cCTVStatusMsg.cctv-status-item.cctv-position-iris-lens = stri
tmdd:cCTVStatusMsg.cctv-status-item.cctv-position-focus-lens = stri
tmdd:cCTVStatusMsg.cctv-status-item.cctv-environmental-status = s
