tmdd:detectorDataMsg.detector-data-item.restrictions.organization-information-forwarding-restrictions = not to public
tmdd:detectorDataMsg.detector-data-item.organization-information.organization-id = transcore.com
tmdd:detectorDataMsg.detector-data-item.organization-information.organization-name = string
tmdd:detectorDataMsg.detector-data-item.organization-information.organization-location = stringstri
tmdd:detectorDataMsg.detector-data-item.organization-information.organization-function = string
tmdd:detectorDataMsg.detector-data-item.organization-information.organization-contact-details.contact-id = string
tmdd:detectorDataMsg.detector-data-item.organization-information.organization-contact-details.person-name = string
tmdd:detectorDataMsg.detector-data-item.organization-information.organization-contact-details.person-title = string
tmdd:detectorDataMsg.detector-data-item.organization-information.organization-contact-details.phone-number = string
tmdd:detectorDataMsg.detector-data-item.organization-information.organization-contact-details.phone-alternate = string
tmdd:detectorDataMsg.detector-data-item.organization-information.organization-contact-details.mobile-phone-number = string
tmdd:detectorDataMsg.detector-data-item.organization-information.organization-contact-details.mobile-phone-id = string
tmdd:detectorDataMsg.detector-data-item.organization-information.organization-contact-details.fax-number = string
tmdd:detectorDataMsg.detector-data-item.organization-information.organization-contact-details.pager-number = string
tmdd:detectorDataMsg.detector-data-item.organization-information.organization-contact-details.pager-id = string
tmdd:detectorDataMsg.detector-data-item.organization-information.organization-contact-details.email-address = string
tmdd:detectorDataMsg.detector-data-item.organization-information.organization-contact-details.radio-unit = string
tmdd:detectorDataMsg.detector-data-item.organization-information.organization-contact-details.address-line1 = string
tmdd:detectorDataMsg.detector-data-item.organization-information.organization-contact-details.address-line2 = string
tmdd:detectorDataMsg.detector-data-item.organization-information.organization-contact-details.city = string
tmdd:detectorDataMsg.detector-data-item.organization-information.organization-contact-details.state = st
tmdd:detectorDataMsg.detector-data-item.organization-information.organization-contact-details.zip-code = string
tmdd:detectorDataMsg.detector-data-item.organization-information.organization-contact-details.country = string
tmdd:detectorDataMsg.detector-data-item.organization-information.center-contact-list.center-contact-details.center-id = tcore_test
tmdd:detectorDataMsg.detector-data-item.organization-information.center-contact-list.center-contact-details.center-name = string
tmdd:detectorDataMsg.detector-data-item.organization-information.center-contact-list.center-contact-details.center-location.latitude = 33964380
tmdd:detectorDataMsg.detector-data-item.organization-information.center-contact-list.center-contact-details.center-location.longitude = -84217945
tmdd:detectorDataMsg.detector-data-item.organization-information.center-contact-list.center-contact-details.center-location.horizontalDatum = 3
tmdd:detectorDataMsg.detector-data-item.organization-information.center-contact-list.center-contact-details.center-location.height.altitude.ft = 3
tmdd:detectorDataMsg.detector-data-item.organization-information.center-contact-list.center-contact-details.center-location.height.verticalDatum = 1
tmdd:detectorDataMsg.detector-data-item.organization-information.center-contact-list.center-contact-details.center-description = string
tmdd:detectorDataMsg.detector-data-item.organization-information.center-contact-list.center-contact-details.center-type = 2
tmdd:detectorDataMsg.detector-data-item.organization-information.center-contact-list.center-contact-details.center-contact-details.contact-id = string
tmdd:detectorDataMsg.detector-data-item.organization-information.center-contact-list.center-contact-details.center-contact-details.person-name = string
tmdd:detectorDataMsg.detector-data-item.organization-information.center-contact-list.center-contact-details.center-contact-details.person-title = string
tmdd:detectorDataMsg.detector-data-item.organization-information.center-contact-list.center-contact-details.center-contact-details.phone-number = string
tmdd:detectorDataMsg.detector-data-item.organization-information.center-contact-list.center-contact-details.center-contact-details.phone-alternate = string
tmdd:detectorDataMsg.detector-data-item.organization-information.center-contact-list.center-contact-details.center-contact-details.mobile-phone-number = string
tmdd:detectorDataMsg.detector-data-item.organization-information.center-contact-list.center-contact-details.center-contact-details.mobile-phone-id = string
tmdd:detectorDataMsg.detector-data-item.organization-information.center-contact-list.center-contact-details.center-contact-details.fax-number = string
tmdd:detectorDataMsg.detector-data-item.organization-information.center-contact-list.center-contact-details.center-contact-details.pager-number = string
tmdd:detectorDataMsg.detector-data-item.organization-information.center-contact-list.center-contact-details.center-contact-details.pager-id = string
tmdd:detectorDataMsg.detector-data-item.organization-information.center-contact-list.center-contact-details.center-contact-details.email-address = string
tmdd:detectorDataMsg.detector-data-item.organization-information.center-contact-list.center-contact-details.center-contact-details.radio-unit = string
tmdd:detectorDataMsg.detector-data-item.organization-information.center-contact-list.center-contact-details.center-contact-details.address-line1 = string
tmdd:detectorDataMsg.detector-data-item.organization-information.center-contact-list.center-contact-details.center-contact-details.address-line2 = string
tmdd:detectorDataMsg.detector-data-item.organization-information.center-contact-list.center-contact-details.center-contact-details.city = string
tmdd:detectorDataMsg.detector-data-item.organization-information.center-contact-list.center-contact-details.center-contact-details.state = st
tmdd:detectorDataMsg.detector-data-item.organization-information.center-contact-list.center-contact-details.center-contact-details.zip-code = string
tmdd:detectorDataMsg.detector-data-item.organization-information.center-contact-list.center-contact-details.center-contact-details.country = string
tmdd:detectorDataMsg.detector-data-item.organization-information.last-update-time.date = 20130531
tmdd:detectorDataMsg.detector-data-item.organization-information.last-update-time.time = 105805
tmdd:detectorDataMsg.detector-data-item.organization-information.last-update-time.offset = 01:00
tmdd:detectorDataMsg.detector-data-item.detector-data-list.detector-data-detail.station-id = string
tmdd:detectorDataMsg.detector-data-item.detector-data-list.detector-data-detail.detector-id = string
tmdd:detectorDataMsg.detector-data-item.detector-data-list.detector-data-detail.detection-time-stamp.date = stringst
tmdd:detectorDataMsg.detector-data-item.detector-data-list.detector-data-detail.detection-time-stamp.time = string
tmdd:detectorDataMsg.detector-data-item.detector-data-list.detector-data-detail.detection-time-stamp.offset = strin
tmdd:detectorDataMsg.detector-data-item.detector-data-list.detector-data-detail.vehicle-count = 7
tmdd:detectorDataMsg.detector-data-item.detector-data-list.detector-data-detail.vehicle-occupancy = 6
tmdd:detectorDataMsg.detector-data-item.detector-data-list.detector-data-detail.start-time.date = stringst
tmdd:detectorDataMsg.detector-data-item.detector-data-list.detector-data-detail.start-time.time = string
tmdd:detectorDataMsg.detector-data-item.detector-data-list.detector-data-detail.start-time.offset = strin
tmdd:detectorDataMsg.detector-data-item.detector-data-list.detector-data-detail.end-time.date = stringst
tmdd:detectorDataMsg.detector-data-item.detector-data-list.detector-data-detail.end-time.time = string
tmdd:detectorDataMsg.detector-data-item.detector-data-list.detector-data-detail.end-time.offset = strin
tmdd:detectorDataMsg.detector-data-item.detector-data-list.detector-data-detail.detector-data-type = predicted
tmdd:detectorDataMsg.detector-data-item.detector-data-list.detector-data-detail.vehicle-speed = 6
tmdd:detectorDataMsg.detector-data-item.detector-data-list.detector-data-detail.queue-length = 7
tmdd:detectorDataMsg.detector-data-item.detector-data-list.detector-data-detail.vehicle-stops = 7
tmdd:detectorDataMsg.detector-data-item.detector-data-list.detector-data-detail.vehicle-count-bin1 = 7
tmdd:detectorDataMsg.detector-data-item.detector-data-list.detector-data-detail.vehicle-count-bin2 = 7
tmdd:detectorDataMsg.detector-data-item.detector-data-list.detector-data-detail.vehicle-count-bin3 = 7
tmdd:detectorDataMsg.detector-data-item.detector-data-list.detector-data-detail.vehicle-count-bin4 = 7
tmdd:detectorDataMsg.detector-data-item.detector-data-list.detector-data-detail.vehicle-count-bin5 = 7
tmdd:detectorDataMsg.detector-data-item.detector-data-list.detector-data-detail.vehicle-count-bin6 = 7
tmdd:detectorDataMsg.detector-data-item.detector-data-list.detector-data-detail.vehicle-count-bin7 = 7
tmdd:detectorDataMsg.detector-data-item.detector-data-list.detector-data-detail.detector-status = on
