tmdd:dMSFontTableMsg.dms-font-table-item.restrictions.organization-information-forwarding-restrictions = not to public
tmdd:dMSFontTableMsg.dms-font-table-item.organization-information.organization-id = transcore.com
tmdd:dMSFontTableMsg.dms-font-table-item.organization-information.organization-name = string
tmdd:dMSFontTableMsg.dms-font-table-item.organization-information.organization-location = stringstri
tmdd:dMSFontTableMsg.dms-font-table-item.organization-information.organization-function = string
tmdd:dMSFontTableMsg.dms-font-table-item.organization-information.organization-contact-details.contact-id = string
tmdd:dMSFontTableMsg.dms-font-table-item.organization-information.organization-contact-details.person-name = string
tmdd:dMSFontTableMsg.dms-font-table-item.organization-information.organization-contact-details.person-title = string
tmdd:dMSFontTableMsg.dms-font-table-item.organization-information.organization-contact-details.phone-number = string
tmdd:dMSFontTableMsg.dms-font-table-item.organization-information.organization-contact-details.phone-alternate = string
tmdd:dMSFontTableMsg.dms-font-table-item.organization-information.organization-contact-details.mobile-phone-number = string
tmdd:dMSFontTableMsg.dms-font-table-item.organization-information.organization-contact-details.mobile-phone-id = string
tmdd:dMSFontTableMsg.dms-font-table-item.organization-information.organization-contact-details.fax-number = string
tmdd:dMSFontTableMsg.dms-font-table-item.organization-information.organization-contact-details.pager-number = string
tmdd:dMSFontTableMsg.dms-font-table-item.organization-information.organization-contact-details.pager-id = string
tmdd:dMSFontTableMsg.dms-font-table-item.organization-information.organization-contact-details.email-address = string
tmdd:dMSFontTableMsg.dms-font-table-item.organization-information.organization-contact-details.radio-unit = string
tmdd:dMSFontTableMsg.dms-font-table-item.organization-information.organization-contact-details.address-line1 = string
tmdd:dMSFontTableMsg.dms-font-table-item.organization-information.organization-contact-details.address-line2 = string
tmdd:dMSFontTableMsg.dms-font-table-item.organization-information.organization-contact-details.city = string
tmdd:dMSFontTableMsg.dms-font-table-item.organization-information.organization-contact-details.state = st
tmdd:dMSFontTableMsg.dms-font-table-item.organization-information.organization-contact-details.zip-code = string
tmdd:dMSFontTableMsg.dms-font-table-item.organization-information.organization-contact-details.country = string
tmdd:dMSFontTableMsg.dms-font-table-item.organization-information.center-contact-list.center-contact-details.center-id = tcore_test
tmdd:dMSFontTableMsg.dms-font-table-item.organization-information.center-contact-list.center-contact-details.center-name = string
tmdd:dMSFontTableMsg.dms-font-table-item.organization-information.center-contact-list.center-contact-details.center-location.latitude = 33964380
tmdd:dMSFontTableMsg.dms-font-table-item.organization-information.center-contact-list.center-contact-details.center-location.longitude = -84217945
tmdd:dMSFontTableMsg.dms-font-table-item.organization-information.center-contact-list.center-contact-details.center-location.horizontalDatum = 3
tmdd:dMSFontTableMsg.dms-font-table-item.organization-information.center-contact-list.center-contact-details.center-location.height.altitude.ft = 3
tmdd:dMSFontTableMsg.dms-font-table-item.organization-information.center-contact-list.center-contact-details.center-location.height.verticalDatum = 1
tmdd:dMSFontTableMsg.dms-font-table-item.organization-information.center-contact-list.center-contact-details.center-description = string
tmdd:dMSFontTableMsg.dms-font-table-item.organization-information.center-contact-list.center-contact-details.center-type = 2
tmdd:dMSFontTableMsg.dms-font-table-item.organization-information.center-contact-list.center-contact-details.center-contact-details.contact-id = string
tmdd:dMSFontTableMsg.dms-font-table-item.organization-information.center-contact-list.center-contact-details.center-contact-details.person-name = string
tmdd:dMSFontTableMsg.dms-font-table-item.organization-information.center-contact-list.center-contact-details.center-contact-details.person-title = string
tmdd:dMSFontTableMsg.dms-font-table-item.organization-information.center-contact-list.center-contact-details.center-contact-details.phone-number = string
tmdd:dMSFontTableMsg.dms-font-table-item.organization-information.center-contact-list.center-contact-details.center-contact-details.phone-alternate = string
tmdd:dMSFontTableMsg.dms-font-table-item.organization-information.center-contact-list.center-contact-details.center-contact-details.mobile-phone-number = string
tmdd:dMSFontTableMsg.dms-font-table-item.organization-information.center-contact-list.center-contact-details.center-contact-details.mobile-phone-id = string
tmdd:dMSFontTableMsg.dms-font-table-item.organization-information.center-contact-list.center-contact-details.center-contact-details.fax-number = string
tmdd:dMSFontTableMsg.dms-font-table-item.organization-information.center-contact-list.center-contact-details.center-contact-details.pager-number = string
tmdd:dMSFontTableMsg.dms-font-table-item.organization-information.center-contact-list.center-contact-details.center-contact-details.pager-id = string
tmdd:dMSFontTableMsg.dms-font-table-item.organization-information.center-contact-list.center-contact-details.center-contact-details.email-address = string
tmdd:dMSFontTableMsg.dms-font-table-item.organization-information.center-contact-list.center-contact-details.center-contact-details.radio-unit = string
tmdd:dMSFontTableMsg.dms-font-table-item.organization-information.center-contact-list.center-contact-details.center-contact-details.address-line1 = string
tmdd:dMSFontTableMsg.dms-font-table-item.organization-information.center-contact-list.center-contact-details.center-contact-details.address-line2 = string
tmdd:dMSFontTableMsg.dms-font-table-item.organization-information.center-contact-list.center-contact-details.center-contact-details.city = string
tmdd:dMSFontTableMsg.dms-font-table-item.organization-information.center-contact-list.center-contact-details.center-contact-details.state = st
tmdd:dMSFontTableMsg.dms-font-table-item.organization-information.center-contact-list.center-contact-details.center-contact-details.zip-code = string
tmdd:dMSFontTableMsg.dms-font-table-item.organization-information.center-contact-list.center-contact-details.center-contact-details.country = string
tmdd:dMSFontTableMsg.dms-font-table-item.organization-information.last-update-time.date = 20130531
tmdd:dMSFontTableMsg.dms-font-table-item.organization-information.last-update-time.time = 105805
tmdd:dMSFontTableMsg.dms-font-table-item.organization-information.last-update-time.offset = 01:00
tmdd:dMSFontTableMsg.dms-font-table-item.device-id = string
tmdd:dMSFontTableMsg.dms-font-table-item.defaultFont = 6
tmdd:dMSFontTableMsg.dms-font-table-item.fontNumber = 6
tmdd:dMSFontTableMsg.dms-font-table-item.fontHeight = 6
tmdd:dMSFontTableMsg.dms-font-table-item.fontCharSpacing = 6
tmdd:dMSFontTableMsg.dms-font-table-item.fontLineSpacing = 6
tmdd:dMSFontTableMsg.dms-font-table-item.fontVersionID = 5
tmdd:dMSFontTableMsg.dms-font-table-item.fontStatus = modifying
tmdd:dMSFontTableMsg.dms-font-table-item.characterTable.characterTableEntry.character-number = 5
tmdd:dMSFontTableMsg.dms-font-table-item.characterTable.characterTableEntry.character-width = 6
tmdd:dMSFontTableMsg.dms-font-table-item.characterTable.characterTableEntry.character-bitmap = string
tmdd:dMSFontTableMsg.dms-font-table-item.last-update-time.date = 20130531
tmdd:dMSFontTableMsg.dms-font-table-item.last-update-time.time = 105805
tmdd:dMSFontTableMsg.dms-font-table-item.last-update-time.offset = 01:00
