tmdd:dMSMessageAppearanceMsg.restrictions.organization-information-forwarding-restrictions = not to public
tmdd:dMSMessageAppearanceMsg.organization-information.organization-id = transcore.com
tmdd:dMSMessageAppearanceMsg.organization-information.organization-name = string
tmdd:dMSMessageAppearanceMsg.organization-information.organization-location = stringstri
tmdd:dMSMessageAppearanceMsg.organization-information.organization-function = string
tmdd:dMSMessageAppearanceMsg.organization-information.organization-contact-details.contact-id = string
tmdd:dMSMessageAppearanceMsg.organization-information.organization-contact-details.person-name = string
tmdd:dMSMessageAppearanceMsg.organization-information.organization-contact-details.person-title = string
tmdd:dMSMessageAppearanceMsg.organization-information.organization-contact-details.phone-number = string
tmdd:dMSMessageAppearanceMsg.organization-information.organization-contact-details.phone-alternate = string
tmdd:dMSMessageAppearanceMsg.organization-information.organization-contact-details.mobile-phone-number = string
tmdd:dMSMessageAppearanceMsg.organization-information.organization-contact-details.mobile-phone-id = string
tmdd:dMSMessageAppearanceMsg.organization-information.organization-contact-details.fax-number = string
tmdd:dMSMessageAppearanceMsg.organization-information.organization-contact-details.pager-number = string
tmdd:dMSMessageAppearanceMsg.organization-information.organization-contact-details.pager-id = string
tmdd:dMSMessageAppearanceMsg.organization-information.organization-contact-details.email-address = string
tmdd:dMSMessageAppearanceMsg.organization-information.organization-contact-details.radio-unit = string
tmdd:dMSMessageAppearanceMsg.organization-information.organization-contact-details.address-line1 = string
tmdd:dMSMessageAppearanceMsg.organization-information.organization-contact-details.address-line2 = string
tmdd:dMSMessageAppearanceMsg.organization-information.organization-contact-details.city = string
tmdd:dMSMessageAppearanceMsg.organization-information.organization-contact-details.state = st
tmdd:dMSMessageAppearanceMsg.organization-information.organization-contact-details.zip-code = string
tmdd:dMSMessageAppearanceMsg.organization-information.organization-contact-details.country = string
tmdd:dMSMessageAppearanceMsg.organization-information.center-contact-list.center-contact-details.center-id = tcore_test
tmdd:dMSMessageAppearanceMsg.organization-information.center-contact-list.center-contact-details.center-name = string
tmdd:dMSMessageAppearanceMsg.organization-information.center-contact-list.center-contact-details.center-location.latitude = 33964380
tmdd:dMSMessageAppearanceMsg.organization-information.center-contact-list.center-contact-details.center-location.longitude = -84217945
tmdd:dMSMessageAppearanceMsg.organization-information.center-contact-list.center-contact-details.center-location.horizontalDatum = 3
tmdd:dMSMessageAppearanceMsg.organization-information.center-contact-list.center-contact-details.center-location.height.altitude.ft = 3
tmdd:dMSMessageAppearanceMsg.organization-information.center-contact-list.center-contact-details.center-location.height.verticalDatum = 1
tmdd:dMSMessageAppearanceMsg.organization-information.center-contact-list.center-contact-details.center-description = string
tmdd:dMSMessageAppearanceMsg.organization-information.center-contact-list.center-contact-details.center-type = 2
tmdd:dMSMessageAppearanceMsg.organization-information.center-contact-list.center-contact-details.center-contact-details.contact-id = string
tmdd:dMSMessageAppearanceMsg.organization-information.center-contact-list.center-contact-details.center-contact-details.person-name = string
tmdd:dMSMessageAppearanceMsg.organization-information.center-contact-list.center-contact-details.center-contact-details.person-title = string
tmdd:dMSMessageAppearanceMsg.organization-information.center-contact-list.center-contact-details.center-contact-details.phone-number = string
tmdd:dMSMessageAppearanceMsg.organization-information.center-contact-list.center-contact-details.center-contact-details.phone-alternate = string
tmdd:dMSMessageAppearanceMsg.organization-information.center-contact-list.center-contact-details.center-contact-details.mobile-phone-number = string
tmdd:dMSMessageAppearanceMsg.organization-information.center-contact-list.center-contact-details.center-contact-details.mobile-phone-id = string
tmdd:dMSMessageAppearanceMsg.organization-information.center-contact-list.center-contact-details.center-contact-details.fax-number = string
tmdd:dMSMessageAppearanceMsg.organization-information.center-contact-list.center-contact-details.center-contact-details.pager-number = string
tmdd:dMSMessageAppearanceMsg.organization-information.center-contact-list.center-contact-details.center-contact-details.pager-id = string
tmdd:dMSMessageAppearanceMsg.organization-information.center-contact-list.center-contact-details.center-contact-details.email-address = string
tmdd:dMSMessageAppearanceMsg.organization-information.center-contact-list.center-contact-details.center-contact-details.radio-unit = string
tmdd:dMSMessageAppearanceMsg.organization-information.center-contact-list.center-contact-details.center-contact-details.address-line1 = string
tmdd:dMSMessageAppearanceMsg.organization-information.center-contact-list.center-contact-details.center-contact-details.address-line2 = string
tmdd:dMSMessageAppearanceMsg.organization-information.center-contact-list.center-contact-details.center-contact-details.city = string
tmdd:dMSMessageAppearanceMsg.organization-information.center-contact-list.center-contact-details.center-contact-details.state = st
tmdd:dMSMessageAppearanceMsg.organization-information.center-contact-list.center-contact-details.center-contact-details.zip-code = string
tmdd:dMSMessageAppearanceMsg.organization-information.center-contact-list.center-contact-details.center-contact-details.country = string
tmdd:dMSMessageAppearanceMsg.organization-information.last-update-time.date = 20130531
tmdd:dMSMessageAppearanceMsg.organization-information.last-update-time.time = 105805
tmdd:dMSMessageAppearanceMsg.organization-information.last-update-time.offset = 01:00
tmdd:dMSMessageAppearanceMsg.device-id = string
tmdd:dMSMessageAppearanceMsg.signHeightPixels = 5
tmdd:dMSMessageAppearanceMsg.signWidthPixels = 5
tmdd:dMSMessageAppearanceMsg.signHeight = 5
tmdd:dMSMessageAppearanceMsg.signWidth = 5
tmdd:dMSMessageAppearanceMsg.charHeightPixels = 6
tmdd:dMSMessageAppearanceMsg.charWidthPixels = 6
tmdd:dMSMessageAppearanceMsg.dms-vertical-border = 5
tmdd:dMSMessageAppearanceMsg.dms-horizontal-border = 5
tmdd:dMSMessageAppearanceMsg.dms-vertical-pixel-pitch = 6
tmdd:dMSMessageAppearanceMsg.dms-horizontal-pixel-pitch = 6
tmdd:dMSMessageAppearanceMsg.dms-max-pages = 6
tmdd:dMSMessageAppearanceMsg.dms-max-message-length = 5
tmdd:dMSMessageAppearanceMsg.dms-color-scheme = monochrome1bit
tmdd:dMSMessageAppearanceMsg.dms-multi-tag-support = stri
