tmdd:dMSStatusMsg.dms-status-item.device-status-header.restrictions.organization-information-forwarding-restrictions = not to public
tmdd:dMSStatusMsg.dms-status-item.device-status-header.organization-information.organization-id = transcore.com
tmdd:dMSStatusMsg.dms-status-item.device-status-header.organization-information.organization-name = string
tmdd:dMSStatusMsg.dms-status-item.device-status-header.organization-information.organization-location = stringstri
tmdd:dMSStatusMsg.dms-status-item.device-status-header.organization-information.organization-function = string
tmdd:dMSStatusMsg.dms-status-item.device-status-header.organization-information.organization-contact-details.contact-id = string
tmdd:dMSStatusMsg.dms-status-item.device-status-header.organization-information.organization-contact-details.person-name = string
tmdd:dMSStatusMsg.dms-status-item.device-status-header.organization-information.organization-contact-details.person-title = string
tmdd:dMSStatusMsg.dms-status-item.device-status-header.organization-information.organization-contact-details.phone-number = string
tmdd:dMSStatusMsg.dms-status-item.device-status-header.organization-information.organization-contact-details.phone-alternate = string
tmdd:dMSStatusMsg.dms-status-item.device-status-header.organization-information.organization-contact-details.mobile-phone-number = string
tmdd:dMSStatusMsg.dms-status-item.device-status-header.organization-information.organization-contact-details.mobile-phone-id = string
tmdd:dMSStatusMsg.dms-status-item.device-status-header.organization-information.organization-contact-details.fax-number = string
tmdd:dMSStatusMsg.dms-status-item.device-status-header.organization-information.organization-contact-details.pager-number = string
tmdd:dMSStatusMsg.dms-status-item.device-status-header.organization-information.organization-contact-details.pager-id = string
tmdd:dMSStatusMsg.dms-status-item.device-status-header.organization-information.organization-contact-details.email-address = string
tmdd:dMSStatusMsg.dms-status-item.device-status-header.organization-information.organization-contact-details.radio-unit = string
tmdd:dMSStatusMsg.dms-status-item.device-status-header.organization-information.organization-contact-details.address-line1 = string
tmdd:dMSStatusMsg.dms-status-item.device-status-header.organization-information.organization-contact-details.address-line2 = string
tmdd:dMSStatusMsg.dms-status-item.device-status-header.organization-information.organization-contact-details.city = string
tmdd:dMSStatusMsg.dms-status-item.device-status-header.organization-information.organization-contact-details.state = st
tmdd:dMSStatusMsg.dms-status-item.device-status-header.organization-information.organization-contact-details.zip-code = string
tmdd:dMSStatusMsg.dms-status-item.device-status-header.organization-information.organization-contact-details.country = string
tmdd:dMSStatusMsg.dms-status-item.device-status-header.organization-information.center-contact-list.center-contact-details.center-id = tcore_test
tmdd:dMSStatusMsg.dms-status-item.device-status-header.organization-information.center-contact-list.center-contact-details.center-name = string
tmdd:dMSStatusMsg.dms-status-item.device-status-header.organization-information.center-contact-list.center-contact-details.center-location.latitude = 33964380
tmdd:dMSStatusMsg.dms-status-item.device-status-header.organization-information.center-contact-list.center-contact-details.center-location.longitude = -84217945
tmdd:dMSStatusMsg.dms-status-item.device-status-header.organization-information.center-contact-list.center-contact-details.center-location.horizontalDatum = 3
tmdd:dMSStatusMsg.dms-status-item.device-status-header.organization-information.center-contact-list.center-contact-details.center-location.height.altitude.ft = 3
tmdd:dMSStatusMsg.dms-status-item.device-status-header.organization-information.center-contact-list.center-contact-details.center-location.height.verticalDatum = 1
tmdd:dMSStatusMsg.dms-status-item.device-status-header.organization-information.center-contact-list.center-contact-details.center-description = string
tmdd:dMSStatusMsg.dms-status-item.device-status-header.organization-information.center-contact-list.center-contact-details.center-type = 2
tmdd:dMSStatusMsg.dms-status-item.device-status-header.organization-information.center-contact-list.center-contact-details.center-contact-details.contact-id = string
tmdd:dMSStatusMsg.dms-status-item.device-status-header.organization-information.center-contact-list.center-contact-details.center-contact-details.person-name = string
tmdd:dMSStatusMsg.dms-status-item.device-status-header.organization-information.center-contact-list.center-contact-details.center-contact-details.person-title = string
tmdd:dMSStatusMsg.dms-status-item.device-status-header.organization-information.center-contact-list.center-contact-details.center-contact-details.phone-number = string
tmdd:dMSStatusMsg.dms-status-item.device-status-header.organization-information.center-contact-list.center-contact-details.center-contact-details.phone-alternate = string
tmdd:dMSStatusMsg.dms-status-item.device-status-header.organization-information.center-contact-list.center-contact-details.center-contact-details.mobile-phone-number = string
tmdd:dMSStatusMsg.dms-status-item.device-status-header.organization-information.center-contact-list.center-contact-details.center-contact-details.mobile-phone-id = string
tmdd:dMSStatusMsg.dms-status-item.device-status-header.organization-information.center-contact-list.center-contact-details.center-contact-details.fax-number = string
tmdd:dMSStatusMsg.dms-status-item.device-status-header.organization-information.center-contact-list.center-contact-details.center-contact-details.pager-number = string
tmdd:dMSStatusMsg.dms-status-item.device-status-header.organization-information.center-contact-list.center-contact-details.center-contact-details.pager-id = string
tmdd:dMSStatusMsg.dms-status-item.device-status-header.organization-information.center-contact-list.center-contact-details.center-contact-details.email-address = string
tmdd:dMSStatusMsg.dms-status-item.device-status-header.organization-information.center-contact-list.center-contact-details.center-contact-details.radio-unit = string
tmdd:dMSStatusMsg.dms-status-item.device-status-header.organization-information.center-contact-list.center-contact-details.center-contact-details.address-line1 = string
tmdd:dMSStatusMsg.dms-status-item.device-status-header.organization-information.center-contact-list.center-contact-details.center-contact-details.address-line2 = string
tmdd:dMSStatusMsg.dms-status-item.device-status-header.organization-information.center-contact-list.center-contact-details.center-contact-details.city = string
tmdd:dMSStatusMsg.dms-status-item.device-status-header.organization-information.center-contact-list.center-contact-details.center-contact-details.state = st
tmdd:dMSStatusMsg.dms-status-item.device-status-header.organization-information.center-contact-list.center-contact-details.center-contact-details.zip-code = string
tmdd:dMSStatusMsg.dms-status-item.device-status-header.organization-information.center-contact-list.center-contact-details.center-contact-details.country = string
tmdd:dMSStatusMsg.dms-status-item.device-status-header.organization-information.last-update-time.date = 20130531
tmdd:dMSStatusMsg.dms-status-item.device-status-header.organization-information.last-update-time.time = 105805
tmdd:dMSStatusMsg.dms-status-item.device-status-header.organization-information.last-update-time.offset = 01:00
tmdd:dMSStatusMsg.dms-status-item.device-status-header.device-id = string
tmdd:dMSStatusMsg.dms-status-item.device-status-header.device-status = other
tmdd:dMSStatusMsg.dms-status-item.device-status-header.center-id = tcore_test
tmdd:dMSStatusMsg.dms-status-item.device-status-header.device-comm-status = operational
tmdd:dMSStatusMsg.dms-status-item.device-status-header.operator-id = string
tmdd:dMSStatusMsg.dms-status-item.device-status-header.event-id = string
tmdd:dMSStatusMsg.dms-status-item.device-status-header.response-plan-id = string
tmdd:dMSStatusMsg.dms-status-item.device-status-header.last-comm-time.date = stringst
tmdd:dMSStatusMsg.dms-status-item.device-status-header.last-comm-time.time = string
tmdd:dMSStatusMsg.dms-status-item.device-status-header.last-comm-time.offset = strin
tmdd:dMSStatusMsg.dms-status-item.current-message = string
tmdd:dMSStatusMsg.dms-status-item.message-number = string
tmdd:dMSStatusMsg.dms-status-item.message-time-remaining = 5
tmdd:dMSStatusMsg.dms-status-item.message-source-mode = otherCom3 (retired)
tmdd:dMSStatusMsg.dms-status-item.message-beacon = 1
