tmdd:eSSStatusMsg.ess-status-item.ess-station-status-header.restrictions.organization-information-forwarding-restrictions = not to public
tmdd:eSSStatusMsg.ess-status-item.ess-station-status-header.organization-information.organization-id = transcore.com
tmdd:eSSStatusMsg.ess-status-item.ess-station-status-header.organization-information.organization-name = string
tmdd:eSSStatusMsg.ess-status-item.ess-station-status-header.organization-information.organization-location = stringstri
tmdd:eSSStatusMsg.ess-status-item.ess-station-status-header.organization-information.organization-function = string
tmdd:eSSStatusMsg.ess-status-item.ess-station-status-header.organization-information.organization-contact-details.contact-id = string
tmdd:eSSStatusMsg.ess-status-item.ess-station-status-header.organization-information.organization-contact-details.person-name = string
tmdd:eSSStatusMsg.ess-status-item.ess-station-status-header.organization-information.organization-contact-details.person-title = string
tmdd:eSSStatusMsg.ess-status-item.ess-station-status-header.organization-information.organization-contact-details.phone-number = string
tmdd:eSSStatusMsg.ess-status-item.ess-station-status-header.organization-information.organization-contact-details.phone-alternate = string
tmdd:eSSStatusMsg.ess-status-item.ess-station-status-header.organization-information.organization-contact-details.mobile-phone-number = string
tmdd:eSSStatusMsg.ess-status-item.ess-station-status-header.organization-information.organization-contact-details.mobile-phone-id = string
tmdd:eSSStatusMsg.ess-status-item.ess-station-status-header.organization-information.organization-contact-details.fax-number = string
tmdd:eSSStatusMsg.ess-status-item.ess-station-status-header.organization-information.organization-contact-details.pager-number = string
tmdd:eSSStatusMsg.ess-status-item.ess-station-status-header.organization-information.organization-contact-details.pager-id = string
tmdd:eSSStatusMsg.ess-status-item.ess-station-status-header.organization-information.organization-contact-details.email-address = string
tmdd:eSSStatusMsg.ess-status-item.ess-station-status-header.organization-information.organization-contact-details.radio-unit = string
tmdd:eSSStatusMsg.ess-status-item.ess-station-status-header.organization-information.organization-contact-details.address-line1 = string
tmdd:eSSStatusMsg.ess-status-item.ess-station-status-header.organization-information.organization-contact-details.address-line2 = string
tmdd:eSSStatusMsg.ess-status-item.ess-station-status-header.organization-information.organization-contact-details.city = string
tmdd:eSSStatusMsg.ess-status-item.ess-station-status-header.organization-information.organization-contact-details.state = st
tmdd:eSSStatusMsg.ess-status-item.ess-station-status-header.organization-information.organization-contact-details.zip-code = string
tmdd:eSSStatusMsg.ess-status-item.ess-station-status-header.organization-information.organization-contact-details.country = string
tmdd:eSSStatusMsg.ess-status-item.ess-station-status-header.organization-information.center-contact-list.center-contact-details.center-id = tcore_test
tmdd:eSSStatusMsg.ess-status-item.ess-station-status-header.organization-information.center-contact-list.center-contact-details.center-name = string
tmdd:eSSStatusMsg.ess-status-item.ess-station-status-header.organization-information.center-contact-list.center-contact-details.center-location.latitude = 33964380
tmdd:eSSStatusMsg.ess-status-item.ess-station-status-header.organization-information.center-contact-list.center-contact-details.center-location.longitude = -84217945
tmdd:eSSStatusMsg.ess-status-item.ess-station-status-header.organization-information.center-contact-list.center-contact-details.center-location.horizontalDatum = 3
tmdd:eSSStatusMsg.ess-status-item.ess-station-status-header.organization-information.center-contact-list.center-contact-details.center-location.height.altitude.ft = 3
tmdd:eSSStatusMsg.ess-status-item.ess-station-status-header.organization-information.center-contact-list.center-contact-details.center-location.height.verticalDatum = 1
tmdd:eSSStatusMsg.ess-status-item.ess-station-status-header.organization-information.center-contact-list.center-contact-details.center-description = string
tmdd:eSSStatusMsg.ess-status-item.ess-station-status-header.organization-information.center-contact-list.center-contact-details.center-type = 2
tmdd:eSSStatusMsg.ess-status-item.ess-station-status-header.organization-information.center-contact-list.center-contact-details.center-contact-details.contact-id = string
tmdd:eSSStatusMsg.ess-status-item.ess-station-status-header.organization-information.center-contact-list.center-contact-details.center-contact-details.person-name = string
tmdd:eSSStatusMsg.ess-status-item.ess-station-status-header.organization-information.center-contact-list.center-contact-details.center-contact-details.person-title = string
tmdd:eSSStatusMsg.ess-status-item.ess-station-status-header.organization-information.center-contact-list.center-contact-details.center-contact-details.phone-number = string
tmdd:eSSStatusMsg.ess-status-item.ess-station-status-header.organization-information.center-contact-list.center-contact-details.center-contact-details.phone-alternate = string
tmdd:eSSStatusMsg.ess-status-item.ess-station-status-header.organization-information.center-contact-list.center-contact-details.center-contact-details.mobile-phone-number = string
tmdd:eSSStatusMsg.ess-status-item.ess-station-status-header.organization-information.center-contact-list.center-contact-details.center-contact-details.mobile-phone-id = string
tmdd:eSSStatusMsg.ess-status-item.ess-station-status-header.organization-information.center-contact-list.center-contact-details.center-contact-details.fax-number = string
tmdd:eSSStatusMsg.ess-status-item.ess-station-status-header.organization-information.center-contact-list.center-contact-details.center-contact-details.pager-number = string
tmdd:eSSStatusMsg.ess-status-item.ess-station-status-header.organization-information.center-contact-list.center-contact-details.center-contact-details.pager-id = string
tmdd:eSSStatusMsg.ess-status-item.ess-station-status-header.organization-information.center-contact-list.center-contact-details.center-contact-details.email-address = string
tmdd:eSSStatusMsg.ess-status-item.ess-station-status-header.organization-information.center-contact-list.center-contact-details.center-contact-details.radio-unit = string
tmdd:eSSStatusMsg.ess-status-item.ess-station-status-header.organization-information.center-contact-list.center-contact-details.center-contact-details.address-line1 = string
tmdd:eSSStatusMsg.ess-status-item.ess-station-status-header.organization-information.center-contact-list.center-contact-details.center-contact-details.address-line2 = string
tmdd:eSSStatusMsg.ess-status-item.ess-station-status-header.organization-information.center-contact-list.center-contact-details.center-contact-details.city = string
tmdd:eSSStatusMsg.ess-status-item.ess-station-status-header.organization-information.center-contact-list.center-contact-details.center-contact-details.state = st
tmdd:eSSStatusMsg.ess-status-item.ess-station-status-header.organization-information.center-contact-list.center-contact-details.center-contact-details.zip-code = string
tmdd:eSSStatusMsg.ess-status-item.ess-station-status-header.organization-information.center-contact-list.center-contact-details.center-contact-details.country = string
tmdd:eSSStatusMsg.ess-status-item.ess-station-status-header.organization-information.last-update-time.date = 20130531
tmdd:eSSStatusMsg.ess-status-item.ess-station-status-header.organization-information.last-update-time.time = 105805
tmdd:eSSStatusMsg.ess-status-item.ess-station-status-header.organization-information.last-update-time.offset = 01:00
tmdd:eSSStatusMsg.ess-status-item.ess-station-status-header.device-id = string
tmdd:eSSStatusMsg.ess-status-item.ess-station-status-header.device-status = other
tmdd:eSSStatusMsg.ess-status-item.ess-station-status-header.center-id = tcore_test
tmdd:eSSStatusMsg.ess-status-item.ess-station-status-header.device-comm-status = operational
tmdd:eSSStatusMsg.ess-status-item.ess-station-status-header.operator-id = string
tmdd:eSSStatusMsg.ess-status-item.ess-station-status-header.event-id = string
tmdd:eSSStatusMsg.ess-status-item.ess-station-status-header.response-plan-id = string
tmdd:eSSStatusMsg.ess-status-item.ess-station-status-header.last-comm-time.date = stringst
tmdd:eSSStatusMsg.ess-status-item.ess-station-status-header.last-comm-time.time = string
tmdd:eSSStatusMsg.ess-status-item.ess-station-status-header.last-comm-time.offset = strin
tmdd:eSSStatusMsg.ess-status-item.ess-sensor-list.ess-sensor.device-status-header.restrictions.organization-information-forwarding-restrictions = 5
tmdd:eSSStatusMsg.ess-status-item.ess-sensor-list.ess-sensor.device-status-header.organization-information.organization-id = transcore.com
tmdd:eSSStatusMsg.ess-status-item.ess-sensor-list.ess-sensor.device-status-header.organization-information.organization-name = string
tmdd:eSSStatusMsg.ess-status-item.ess-sensor-list.ess-sensor.device-status-header.organization-information.organization-location = stringstri
tmdd:eSSStatusMsg.ess-status-item.ess-sensor-list.ess-sensor.device-status-header.organization-information.organization-function = string
tmdd:eSSStatusMsg.ess-status-item.ess-sensor-list.ess-sensor.device-status-header.organization-information.organization-contact-details.contact-id = string
tmdd:eSSStatusMsg.ess-status-item.ess-sensor-list.ess-sensor.device-status-header.organization-information.organization-contact-details.person-name = string
tmdd:eSSStatusMsg.ess-status-item.ess-sensor-list.ess-sensor.device-status-header.organization-information.organization-contact-details.person-title = string
tmdd:eSSStatusMsg.ess-status-item.ess-sensor-list.ess-sensor.device-status-header.organization-information.organization-contact-details.phone-number = string
tmdd:eSSStatusMsg.ess-status-item.ess-sensor-list.ess-sensor.device-status-header.organization-information.organization-contact-details.phone-alternate = string
tmdd:eSSStatusMsg.ess-status-item.ess-sensor-list.ess-sensor.device-status-header.organization-information.organization-contact-details.mobile-phone-number = string
tmdd:eSSStatusMsg.ess-status-item.ess-sensor-list.ess-sensor.device-status-header.organization-information.organization-contact-details.mobile-phone-id = string
tmdd:eSSStatusMsg.ess-status-item.ess-sensor-list.ess-sensor.device-status-header.organization-information.organization-contact-details.fax-number = string
tmdd:eSSStatusMsg.ess-status-item.ess-sensor-list.ess-sensor.device-status-header.organization-information.organization-contact-details.pager-number = string
tmdd:eSSStatusMsg.ess-status-item.ess-sensor-list.ess-sensor.device-status-header.organization-information.organization-contact-details.pager-id = string
tmdd:eSSStatusMsg.ess-status-item.ess-sensor-list.ess-sensor.device-status-header.organization-information.organization-contact-details.email-address = string
tmdd:eSSStatusMsg.ess-status-item.ess-sensor-list.ess-sensor.device-status-header.organization-information.organization-contact-details.radio-unit = string
tmdd:eSSStatusMsg.ess-status-item.ess-sensor-list.ess-sensor.device-status-header.organization-information.organization-contact-details.address-line1 = string
tmdd:eSSStatusMsg.ess-status-item.ess-sensor-list.ess-sensor.device-status-header.organization-information.organization-contact-details.address-line2 = string
tmdd:eSSStatusMsg.ess-status-item.ess-sensor-list.ess-sensor.device-status-header.organization-information.organization-contact-details.city = string
tmdd:eSSStatusMsg.ess-status-item.ess-sensor-list.ess-sensor.device-status-header.organization-information.organization-contact-details.state = st
tmdd:eSSStatusMsg.ess-status-item.ess-sensor-list.ess-sensor.device-status-header.organization-information.organization-contact-details.zip-code = string
tmdd:eSSStatusMsg.ess-status-item.ess-sensor-list.ess-sensor.device-status-header.organization-information.organization-contact-details.country = string
tmdd:eSSStatusMsg.ess-status-item.ess-sensor-list.ess-sensor.device-status-header.organization-information.center-contact-list.center-contact-details.center-id = tcore_test
tmdd:eSSStatusMsg.ess-status-item.ess-sensor-list.ess-sensor.device-status-header.organization-information.center-contact-list.center-contact-details.center-name = string
tmdd:eSSStatusMsg.ess-status-item.ess-sensor-list.ess-sensor.device-status-header.organization-information.center-contact-list.center-contact-details.center-location.latitude = 33964380
tmdd:eSSStatusMsg.ess-status-item.ess-sensor-list.ess-sensor.device-status-header.organization-information.center-contact-list.center-contact-details.center-location.longitude = -84217945
tmdd:eSSStatusMsg.ess-status-item.ess-sensor-list.ess-sensor.device-status-header.organization-information.center-contact-list.center-contact-details.center-location.horizontalDatum = wgs-84
tmdd:eSSStatusMsg.ess-status-item.ess-sensor-list.ess-sensor.device-status-header.organization-information.center-contact-list.center-contact-details.center-location.height.verticalLevel = 2
tmdd:eSSStatusMsg.ess-status-item.ess-sensor-list.ess-sensor.device-status-header.organization-information.center-contact-list.center-contact-details.center-description = string
tmdd:eSSStatusMsg.ess-status-item.ess-sensor-list.ess-sensor.device-status-header.organization-information.center-contact-list.center-contact-details.center-type = mobile
tmdd:eSSStatusMsg.ess-status-item.ess-sensor-list.ess-sensor.device-status-header.organization-information.center-contact-list.center-contact-details.center-contact-details.contact-id = string
tmdd:eSSStatusMsg.ess-status-item.ess-sensor-list.ess-sensor.device-status-header.organization-information.center-contact-list.center-contact-details.center-contact-details.person-name = string
tmdd:eSSStatusMsg.ess-status-item.ess-sensor-list.ess-sensor.device-status-header.organization-information.center-contact-list.center-contact-details.center-contact-details.person-title = string
tmdd:eSSStatusMsg.ess-status-item.ess-sensor-list.ess-sensor.device-status-header.organization-information.center-contact-list.center-contact-details.center-contact-details.phone-number = string
tmdd:eSSStatusMsg.ess-status-item.ess-sensor-list.ess-sensor.device-status-header.organization-information.center-contact-list.center-contact-details.center-contact-details.phone-alternate = string
tmdd:eSSStatusMsg.ess-status-item.ess-sensor-list.ess-sensor.device-status-header.organization-information.center-contact-list.center-contact-details.center-contact-details.mobile-phone-number = string
tmdd:eSSStatusMsg.ess-status-item.ess-sensor-list.ess-sensor.device-status-header.organization-information.center-contact-list.center-contact-details.center-contact-details.mobile-phone-id = string
tmdd:eSSStatusMsg.ess-status-item.ess-sensor-list.ess-sensor.device-status-header.organization-information.center-contact-list.center-contact-details.center-contact-details.fax-number = string
tmdd:eSSStatusMsg.ess-status-item.ess-sensor-list.ess-sensor.device-status-header.organization-information.center-contact-list.center-contact-details.center-contact-details.pager-number = string
tmdd:eSSStatusMsg.ess-status-item.ess-sensor-list.ess-sensor.device-status-header.organization-information.center-contact-list.center-contact-details.center-contact-details.pager-id = string
tmdd:eSSStatusMsg.ess-status-item.ess-sensor-list.ess-sensor.device-status-header.organization-information.center-contact-list.center-contact-details.center-contact-details.email-address = string
tmdd:eSSStatusMsg.ess-status-item.ess-sensor-list.ess-sensor.device-status-header.organization-information.center-contact-list.center-contact-details.center-contact-details.radio-unit = string
tmdd:eSSStatusMsg.ess-status-item.ess-sensor-list.ess-sensor.device-status-header.organization-information.center-contact-list.center-contact-details.center-contact-details.address-line1 = string
tmdd:eSSStatusMsg.ess-status-item.ess-sensor-list.ess-sensor.device-status-header.organization-information.center-contact-list.center-contact-details.center-contact-details.address-line2 = string
tmdd:eSSStatusMsg.ess-status-item.ess-sensor-list.ess-sensor.device-status-header.organization-information.center-contact-list.center-contact-details.center-contact-details.city = string
tmdd:eSSStatusMsg.ess-status-item.ess-sensor-list.ess-sensor.device-status-header.organization-information.center-contact-list.center-contact-details.center-contact-details.state = st
tmdd:eSSStatusMsg.ess-status-item.ess-sensor-list.ess-sensor.device-status-header.organization-information.center-contact-list.center-contact-details.center-contact-details.zip-code = string
tmdd:eSSStatusMsg.ess-status-item.ess-sensor-list.ess-sensor.device-status-header.organization-information.center-contact-list.center-contact-details.center-contact-details.country = string
tmdd:eSSStatusMsg.ess-status-item.ess-sensor-list.ess-sensor.device-status-header.organization-information.last-update-time.date = 20130531
tmdd:eSSStatusMsg.ess-status-item.ess-sensor-list.ess-sensor.device-status-header.organization-information.last-update-time.time = 105805
tmdd:eSSStatusMsg.ess-status-item.ess-sensor-list.ess-sensor.device-status-header.organization-information.last-update-time.offset = 01:00
tmdd:eSSStatusMsg.ess-status-item.ess-sensor-list.ess-sensor.device-status-header.device-id = string
tmdd:eSSStatusMsg.ess-status-item.ess-sensor-list.ess-sensor.device-status-header.device-status = other
tmdd:eSSStatusMsg.ess-status-item.ess-sensor-list.ess-sensor.device-status-header.center-id = tcore_test
tmdd:eSSStatusMsg.ess-status-item.ess-sensor-list.ess-sensor.device-status-header.device-comm-status = 4
tmdd:eSSStatusMsg.ess-status-item.ess-sensor-list.ess-sensor.device-status-header.operator-id = string
tmdd:eSSStatusMsg.ess-status-item.ess-sensor-list.ess-sensor.device-status-header.event-id = string
tmdd:eSSStatusMsg.ess-status-item.ess-sensor-list.ess-sensor.device-status-header.response-plan-id = string
tmdd:eSSStatusMsg.ess-status-item.ess-sensor-list.ess-sensor.device-status-header.last-comm-time.date = stringst
tmdd:eSSStatusMsg.ess-status-item.ess-sensor-list.ess-sensor.device-status-header.last-comm-time.time = string
tmdd:eSSStatusMsg.ess-status-item.ess-sensor-list.ess-sensor.device-status-header.last-comm-time.offset = strin
