tmdd:hARInventoryMsg.har-inventory-item.device-inventory-header.restrictions.organization-information-forwarding-restrictions = not to public
tmdd:hARInventoryMsg.har-inventory-item.device-inventory-header.organization-information.organization-id = transcore.com
tmdd:hARInventoryMsg.har-inventory-item.device-inventory-header.organization-information.organization-name = string
tmdd:hARInventoryMsg.har-inventory-item.device-inventory-header.organization-information.organization-location = stringstri
tmdd:hARInventoryMsg.har-inventory-item.device-inventory-header.organization-information.organization-function = string
tmdd:hARInventoryMsg.har-inventory-item.device-inventory-header.organization-information.organization-contact-details.contact-id = string
tmdd:hARInventoryMsg.har-inventory-item.device-inventory-header.organization-information.organization-contact-details.person-name = string
tmdd:hARInventoryMsg.har-inventory-item.device-inventory-header.organization-information.organization-contact-details.person-title = string
tmdd:hARInventoryMsg.har-inventory-item.device-inventory-header.organization-information.organization-contact-details.phone-number = string
tmdd:hARInventoryMsg.har-inventory-item.device-inventory-header.organization-information.organization-contact-details.phone-alternate = string
tmdd:hARInventoryMsg.har-inventory-item.device-inventory-header.organization-information.organization-contact-details.mobile-phone-number = string
tmdd:hARInventoryMsg.har-inventory-item.device-inventory-header.organization-information.organization-contact-details.mobile-phone-id = string
tmdd:hARInventoryMsg.har-inventory-item.device-inventory-header.organization-information.organization-contact-details.fax-number = string
tmdd:hARInventoryMsg.har-inventory-item.device-inventory-header.organization-information.organization-contact-details.pager-number = string
tmdd:hARInventoryMsg.har-inventory-item.device-inventory-header.organization-information.organization-contact-details.pager-id = string
tmdd:hARInventoryMsg.har-inventory-item.device-inventory-header.organization-information.organization-contact-details.email-address = string
tmdd:hARInventoryMsg.har-inventory-item.device-inventory-header.organization-information.organization-contact-details.radio-unit = string
tmdd:hARInventoryMsg.har-inventory-item.device-inventory-header.organization-information.organization-contact-details.address-line1 = string
tmdd:hARInventoryMsg.har-inventory-item.device-inventory-header.organization-information.organization-contact-details.address-line2 = string
tmdd:hARInventoryMsg.har-inventory-item.device-inventory-header.organization-information.organization-contact-details.city = string
tmdd:hARInventoryMsg.har-inventory-item.device-inventory-header.organization-information.organization-contact-details.state = st
tmdd:hARInventoryMsg.har-inventory-item.device-inventory-header.organization-information.organization-contact-details.zip-code = string
tmdd:hARInventoryMsg.har-inventory-item.device-inventory-header.organization-information.organization-contact-details.country = string
tmdd:hARInventoryMsg.har-inventory-item.device-inventory-header.organization-information.center-contact-list.center-contact-details.center-id = tcore_test
tmdd:hARInventoryMsg.har-inventory-item.device-inventory-header.organization-information.center-contact-list.center-contact-details.center-name = string
tmdd:hARInventoryMsg.har-inventory-item.device-inventory-header.organization-information.center-contact-list.center-contact-details.center-location.latitude = 33964380
tmdd:hARInventoryMsg.har-inventory-item.device-inventory-header.organization-information.center-contact-list.center-contact-details.center-location.longitude = -84217945
tmdd:hARInventoryMsg.har-inventory-item.device-inventory-header.organization-information.center-contact-list.center-contact-details.center-location.horizontalDatum = 3
tmdd:hARInventoryMsg.har-inventory-item.device-inventory-header.organization-information.center-contact-list.center-contact-details.center-location.height.altitude.ft = 3
tmdd:hARInventoryMsg.har-inventory-item.device-inventory-header.organization-information.center-contact-list.center-contact-details.center-location.height.verticalDatum = 1
tmdd:hARInventoryMsg.har-inventory-item.device-inventory-header.organization-information.center-contact-list.center-contact-details.center-description = string
tmdd:hARInventoryMsg.har-inventory-item.device-inventory-header.organization-information.center-contact-list.center-contact-details.center-type = 2
tmdd:hARInventoryMsg.har-inventory-item.device-inventory-header.organization-information.center-contact-list.center-contact-details.center-contact-details.contact-id = string
tmdd:hARInventoryMsg.har-inventory-item.device-inventory-header.organization-information.center-contact-list.center-contact-details.center-contact-details.person-name = string
tmdd:hARInventoryMsg.har-inventory-item.device-inventory-header.organization-information.center-contact-list.center-contact-details.center-contact-details.person-title = string
tmdd:hARInventoryMsg.har-inventory-item.device-inventory-header.organization-information.center-contact-list.center-contact-details.center-contact-details.phone-number = string
tmdd:hARInventoryMsg.har-inventory-item.device-inventory-header.organization-information.center-contact-list.center-contact-details.center-contact-details.phone-alternate = string
tmdd:hARInventoryMsg.har-inventory-item.device-inventory-header.organization-information.center-contact-list.center-contact-details.center-contact-details.mobile-phone-number = string
tmdd:hARInventoryMsg.har-inventory-item.device-inventory-header.organization-information.center-contact-list.center-contact-details.center-contact-details.mobile-phone-id = string
tmdd:hARInventoryMsg.har-inventory-item.device-inventory-header.organization-information.center-contact-list.center-contact-details.center-contact-details.fax-number = string
tmdd:hARInventoryMsg.har-inventory-item.device-inventory-header.organization-information.center-contact-list.center-contact-details.center-contact-details.pager-number = string
tmdd:hARInventoryMsg.har-inventory-item.device-inventory-header.organization-information.center-contact-list.center-contact-details.center-contact-details.pager-id = string
tmdd:hARInventoryMsg.har-inventory-item.device-inventory-header.organization-information.center-contact-list.center-contact-details.center-contact-details.email-address = string
tmdd:hARInventoryMsg.har-inventory-item.device-inventory-header.organization-information.center-contact-list.center-contact-details.center-contact-details.radio-unit = string
tmdd:hARInventoryMsg.har-inventory-item.device-inventory-header.organization-information.center-contact-list.center-contact-details.center-contact-details.address-line1 = string
tmdd:hARInventoryMsg.har-inventory-item.device-inventory-header.organization-information.center-contact-list.center-contact-details.center-contact-details.address-line2 = string
tmdd:hARInventoryMsg.har-inventory-item.device-inventory-header.organization-information.center-contact-list.center-contact-details.center-contact-details.city = string
tmdd:hARInventoryMsg.har-inventory-item.device-inventory-header.organization-information.center-contact-list.center-contact-details.center-contact-details.state = st
tmdd:hARInventoryMsg.har-inventory-item.device-inventory-header.organization-information.center-contact-list.center-contact-details.center-contact-details.zip-code = string
tmdd:hARInventoryMsg.har-inventory-item.device-inventory-header.organization-information.center-contact-list.center-contact-details.center-contact-details.country = string
tmdd:hARInventoryMsg.har-inventory-item.device-inventory-header.organization-information.last-update-time.date = 20130531
tmdd:hARInventoryMsg.har-inventory-item.device-inventory-header.organization-information.last-update-time.time = 105805
tmdd:hARInventoryMsg.har-inventory-item.device-inventory-header.organization-information.last-update-time.offset = 01:00
tmdd:hARInventoryMsg.har-inventory-item.device-inventory-header.device-id = string
tmdd:hARInventoryMsg.har-inventory-item.device-inventory-header.device-location.latitude = 33964380
tmdd:hARInventoryMsg.har-inventory-item.device-inventory-header.device-location.longitude = -84217945
tmdd:hARInventoryMsg.har-inventory-item.device-inventory-header.device-location.horizontalDatum = nad27
tmdd:hARInventoryMsg.har-inventory-item.device-inventory-header.device-location.height.verticalLevel = 2
tmdd:hARInventoryMsg.har-inventory-item.device-inventory-header.device-name = string
tmdd:hARInventoryMsg.har-inventory-item.device-inventory-header.device-description = string
tmdd:hARInventoryMsg.har-inventory-item.device-inventory-header.device-control-type = 4
tmdd:hARInventoryMsg.har-inventory-item.device-inventory-header.controller-description = string
tmdd:hARInventoryMsg.har-inventory-item.device-inventory-header.network-id = string
tmdd:hARInventoryMsg.har-inventory-item.device-inventory-header.node-id = string
tmdd:hARInventoryMsg.har-inventory-item.device-inventory-header.node-name = string
tmdd:hARInventoryMsg.har-inventory-item.device-inventory-header.link-id = string
tmdd:hARInventoryMsg.har-inventory-item.device-inventory-header.link-name = string
tmdd:hARInventoryMsg.har-inventory-item.device-inventory-header.link-direction = 7
tmdd:hARInventoryMsg.har-inventory-item.device-inventory-header.linear-reference = string
tmdd:hARInventoryMsg.har-inventory-item.device-inventory-header.linear-reference-version = 6
tmdd:hARInventoryMsg.har-inventory-item.device-inventory-header.route-designator = string
tmdd:hARInventoryMsg.har-inventory-item.device-inventory-header.device-url.url-reference = string
tmdd:hARInventoryMsg.har-inventory-item.device-inventory-header.device-url.url-reference-medium = string
tmdd:hARInventoryMsg.har-inventory-item.device-inventory-header.last-update-time.date = 20130531
tmdd:hARInventoryMsg.har-inventory-item.device-inventory-header.last-update-time.time = 105805
tmdd:hARInventoryMsg.har-inventory-item.device-inventory-header.last-update-time.offset = 01:00
tmdd:hARInventoryMsg.har-inventory-item.device-beacon = beacon available
tmdd:hARInventoryMsg.har-inventory-item.har-characteristics = string
tmdd:hARInventoryMsg.har-inventory-item.har-frequency-description = string
tmdd:hARInventoryMsg.har-inventory-item.har-call-sign = stri
