tmdd:sectionSignalTimingPatternInventoryMsg.signal-section-timing-pattern-inventory-item.restrictions.organization-information-forwarding-restrictions = not to public
tmdd:sectionSignalTimingPatternInventoryMsg.signal-section-timing-pattern-inventory-item.organization-information.organization-id = transcore.com
tmdd:sectionSignalTimingPatternInventoryMsg.signal-section-timing-pattern-inventory-item.organization-information.organization-name = string
tmdd:sectionSignalTimingPatternInventoryMsg.signal-section-timing-pattern-inventory-item.organization-information.organization-location = stringstri
tmdd:sectionSignalTimingPatternInventoryMsg.signal-section-timing-pattern-inventory-item.organization-information.organization-function = string
tmdd:sectionSignalTimingPatternInventoryMsg.signal-section-timing-pattern-inventory-item.organization-information.organization-contact-details.contact-id = string
tmdd:sectionSignalTimingPatternInventoryMsg.signal-section-timing-pattern-inventory-item.organization-information.organization-contact-details.person-name = string
tmdd:sectionSignalTimingPatternInventoryMsg.signal-section-timing-pattern-inventory-item.organization-information.organization-contact-details.person-title = string
tmdd:sectionSignalTimingPatternInventoryMsg.signal-section-timing-pattern-inventory-item.organization-information.organization-contact-details.phone-number = string
tmdd:sectionSignalTimingPatternInventoryMsg.signal-section-timing-pattern-inventory-item.organization-information.organization-contact-details.phone-alternate = string
tmdd:sectionSignalTimingPatternInventoryMsg.signal-section-timing-pattern-inventory-item.organization-information.organization-contact-details.mobile-phone-number = string
tmdd:sectionSignalTimingPatternInventoryMsg.signal-section-timing-pattern-inventory-item.organization-information.organization-contact-details.mobile-phone-id = string
tmdd:sectionSignalTimingPatternInventoryMsg.signal-section-timing-pattern-inventory-item.organization-information.organization-contact-details.fax-number = string
tmdd:sectionSignalTimingPatternInventoryMsg.signal-section-timing-pattern-inventory-item.organization-information.organization-contact-details.pager-number = string
tmdd:sectionSignalTimingPatternInventoryMsg.signal-section-timing-pattern-inventory-item.organization-information.organization-contact-details.pager-id = string
tmdd:sectionSignalTimingPatternInventoryMsg.signal-section-timing-pattern-inventory-item.organization-information.organization-contact-details.email-address = string
tmdd:sectionSignalTimingPatternInventoryMsg.signal-section-timing-pattern-inventory-item.organization-information.organization-contact-details.radio-unit = string
tmdd:sectionSignalTimingPatternInventoryMsg.signal-section-timing-pattern-inventory-item.organization-information.organization-contact-details.address-line1 = string
tmdd:sectionSignalTimingPatternInventoryMsg.signal-section-timing-pattern-inventory-item.organization-information.organization-contact-details.address-line2 = string
tmdd:sectionSignalTimingPatternInventoryMsg.signal-section-timing-pattern-inventory-item.organization-information.organization-contact-details.city = string
tmdd:sectionSignalTimingPatternInventoryMsg.signal-section-timing-pattern-inventory-item.organization-information.organization-contact-details.state = st
tmdd:sectionSignalTimingPatternInventoryMsg.signal-section-timing-pattern-inventory-item.organization-information.organization-contact-details.zip-code = string
tmdd:sectionSignalTimingPatternInventoryMsg.signal-section-timing-pattern-inventory-item.organization-information.organization-contact-details.country = string
tmdd:sectionSignalTimingPatternInventoryMsg.signal-section-timing-pattern-inventory-item.organization-information.center-contact-list.center-contact-details.center-id = tcore_test
tmdd:sectionSignalTimingPatternInventoryMsg.signal-section-timing-pattern-inventory-item.organization-information.center-contact-list.center-contact-details.center-name = string
tmdd:sectionSignalTimingPatternInventoryMsg.signal-section-timing-pattern-inventory-item.organization-information.center-contact-list.center-contact-details.center-location.latitude = 33964380
tmdd:sectionSignalTimingPatternInventoryMsg.signal-section-timing-pattern-inventory-item.organization-information.center-contact-list.center-contact-details.center-location.longitude = -84217945
tmdd:sectionSignalTimingPatternInventoryMsg.signal-section-timing-pattern-inventory-item.organization-information.center-contact-list.center-contact-details.center-location.horizontalDatum = 3
tmdd:sectionSignalTimingPatternInventoryMsg.signal-section-timing-pattern-inventory-item.organization-information.center-contact-list.center-contact-details.center-location.height.altitude.ft = 3
tmdd:sectionSignalTimingPatternInventoryMsg.signal-section-timing-pattern-inventory-item.organization-information.center-contact-list.center-contact-details.center-location.height.verticalDatum = 1
tmdd:sectionSignalTimingPatternInventoryMsg.signal-section-timing-pattern-inventory-item.organization-information.center-contact-list.center-contact-details.center-description = string
tmdd:sectionSignalTimingPatternInventoryMsg.signal-section-timing-pattern-inventory-item.organization-information.center-contact-list.center-contact-details.center-type = 2
tmdd:sectionSignalTimingPatternInventoryMsg.signal-section-timing-pattern-inventory-item.organization-information.center-contact-list.center-contact-details.center-contact-details.contact-id = string
tmdd:sectionSignalTimingPatternInventoryMsg.signal-section-timing-pattern-inventory-item.organization-information.center-contact-list.center-contact-details.center-contact-details.person-name = string
tmdd:sectionSignalTimingPatternInventoryMsg.signal-section-timing-pattern-inventory-item.organization-information.center-contact-list.center-contact-details.center-contact-details.person-title = string
tmdd:sectionSignalTimingPatternInventoryMsg.signal-section-timing-pattern-inventory-item.organization-information.center-contact-list.center-contact-details.center-contact-details.phone-number = string
tmdd:sectionSignalTimingPatternInventoryMsg.signal-section-timing-pattern-inventory-item.organization-information.center-contact-list.center-contact-details.center-contact-details.phone-alternate = string
tmdd:sectionSignalTimingPatternInventoryMsg.signal-section-timing-pattern-inventory-item.organization-information.center-contact-list.center-contact-details.center-contact-details.mobile-phone-number = string
tmdd:sectionSignalTimingPatternInventoryMsg.signal-section-timing-pattern-inventory-item.organization-information.center-contact-list.center-contact-details.center-contact-details.mobile-phone-id = string
tmdd:sectionSignalTimingPatternInventoryMsg.signal-section-timing-pattern-inventory-item.organization-information.center-contact-list.center-contact-details.center-contact-details.fax-number = string
tmdd:sectionSignalTimingPatternInventoryMsg.signal-section-timing-pattern-inventory-item.organization-information.center-contact-list.center-contact-details.center-contact-details.pager-number = string
tmdd:sectionSignalTimingPatternInventoryMsg.signal-section-timing-pattern-inventory-item.organization-information.center-contact-list.center-contact-details.center-contact-details.pager-id = string
tmdd:sectionSignalTimingPatternInventoryMsg.signal-section-timing-pattern-inventory-item.organization-information.center-contact-list.center-contact-details.center-contact-details.email-address = string
tmdd:sectionSignalTimingPatternInventoryMsg.signal-section-timing-pattern-inventory-item.organization-information.center-contact-list.center-contact-details.center-contact-details.radio-unit = string
tmdd:sectionSignalTimingPatternInventoryMsg.signal-section-timing-pattern-inventory-item.organization-information.center-contact-list.center-contact-details.center-contact-details.address-line1 = string
tmdd:sectionSignalTimingPatternInventoryMsg.signal-section-timing-pattern-inventory-item.organization-information.center-contact-list.center-contact-details.center-contact-details.address-line2 = string
tmdd:sectionSignalTimingPatternInventoryMsg.signal-section-timing-pattern-inventory-item.organization-information.center-contact-list.center-contact-details.center-contact-details.city = string
tmdd:sectionSignalTimingPatternInventoryMsg.signal-section-timing-pattern-inventory-item.organization-information.center-contact-list.center-contact-details.center-contact-details.state = st
tmdd:sectionSignalTimingPatternInventoryMsg.signal-section-timing-pattern-inventory-item.organization-information.center-contact-list.center-contact-details.center-contact-details.zip-code = string
tmdd:sectionSignalTimingPatternInventoryMsg.signal-section-timing-pattern-inventory-item.organization-information.center-contact-list.center-contact-details.center-contact-details.country = string
tmdd:sectionSignalTimingPatternInventoryMsg.signal-section-timing-pattern-inventory-item.organization-information.last-update-time.date = 20130531
tmdd:sectionSignalTimingPatternInventoryMsg.signal-section-timing-pattern-inventory-item.organization-information.last-update-time.time = 105805
tmdd:sectionSignalTimingPatternInventoryMsg.signal-section-timing-pattern-inventory-item.organization-information.last-update-time.offset = 01:00
tmdd:sectionSignalTimingPatternInventoryMsg.signal-section-timing-pattern-inventory-item.section-id = string
tmdd:sectionSignalTimingPatternInventoryMsg.signal-section-timing-pattern-inventory-item.section-timing-pattern-id = string
tmdd:sectionSignalTimingPatternInventoryMsg.signal-section-timing-pattern-inventory-item.section-timing-pattern-name = string
tmdd:sectionSignalTimingPatternInventoryMsg.signal-section-timing-pattern-inventory-item.section-cycle-length = 6
tmdd:sectionSignalTimingPatternInventoryMsg.signal-section-timing-pattern-inventory-item.intersection-tp-list.intersection-timing.intersection-id = string
tmdd:sectionSignalTimingPatternInventoryMsg.signal-section-timing-pattern-inventory-item.intersection-tp-list.intersection-timing.cycle-length = 6
tmdd:sectionSignalTimingPatternInventoryMsg.signal-section-timing-pattern-inventory-item.intersection-tp-list.intersection-timing.offset-time = 6
tmdd:sectionSignalTimingPatternInventoryMsg.signal-section-timing-pattern-inventory-item.intersection-tp-list.intersection-timing.phase-tp-list.phases.phase-identifier = 6
tmdd:sectionSignalTimingPatternInventoryMsg.signal-section-timing-pattern-inventory-item.intersection-tp-list.intersection-timing.phase-tp-list.phases.coordinated-phase = 1
tmdd:sectionSignalTimingPatternInventoryMsg.signal-section-timing-pattern-inventory-item.intersection-tp-list.intersection-timing.phase-tp-list.phases.split-mode = maximumVehicleRecall
tmdd:sectionSignalTimingPatternInventoryMsg.signal-section-timing-pattern-inventory-item.intersection-tp-list.intersection-timing.phase-tp-list.phases.phase-split = 6
tmdd:sectionSignalTimingPatternInventoryMsg.signal-section-timing-pattern-inventory-item.intersection-tp-list.intersection-timing.phase-tp-list.phases.maximum-green-duration = 7
tmdd:sectionSignalTimingPatternInventoryMsg.signal-section-timing-pattern-inventory-item.intersection-tp-list.intersection-timing.phase-tp-list.phases.minimum-green-duration = 7
tmdd:sectionSignalTimingPatternInventoryMsg.signal-section-timing-pattern-inventory-item.intersection-tp-list.intersection-timing.phase-tp-list.phases.vehicle-clearance-duration = 7
tmdd:sectionSignalTimingPatternInventoryMsg.signal-section-timing-pattern-inventory-item.intersection-tp-list.intersection-timing.phase-tp-list.phases.vehicle-red-duration = 7
tmdd:sectionSignalTimingPatternInventoryMsg.signal-section-timing-pattern-inventory-item.intersection-tp-list.intersection-timing.phase-tp-list.phases.minimum-walk-duration = 7
tmdd:sectionSignalTimingPatternInventoryMsg.signal-section-timing-pattern-inventory-item.intersection-tp-list.intersection-timing.phase-tp-list.phases.pedestrian-clearance-duration = 7
tmdd:sectionSignalTimingPatternInventoryMsg.signal-section-timing-pattern-inventory-item.intersection-tp-list.intersection-timing.phase-tp-list.phases.steady-dont-walk-duration = 7
tmdd:sectionSignalTimingPatternInventoryMsg.signal-section-timing-pattern-inventory-item.intersection-tp-list.intersection-timing.sequence-information.sequence-information.ring-identifier = string
tmdd:sectionSignalTimingPatternInventoryMsg.signal-section-timing-pattern-inventory-item.intersection-tp-list.intersection-timing.sequence-information.sequence-information.sequence-data.phase-identifier = 6
tmdd:sectionSignalTimingPatternInventoryMsg.signal-section-timing-pattern-inventory-item.last-update-time.date = 20130531
tmdd:sectionSignalTimingPatternInventoryMsg.signal-section-timing-pattern-inventory-item.last-update-time.time = 105805
tmdd:sectionSignalTimingPatternInventoryMsg.signal-section-timing-pattern-inventory-item.last-update-time.offset = 01:00
