tmdd:sectionControlScheduleMsg.section-control-schedule-item.restrictions.organization-information-forwarding-restrictions = not to public
tmdd:sectionControlScheduleMsg.section-control-schedule-item.organization-information.organization-id = transcore.com
tmdd:sectionControlScheduleMsg.section-control-schedule-item.organization-information.organization-name = string
tmdd:sectionControlScheduleMsg.section-control-schedule-item.organization-information.organization-location = stringstri
tmdd:sectionControlScheduleMsg.section-control-schedule-item.organization-information.organization-function = string
tmdd:sectionControlScheduleMsg.section-control-schedule-item.organization-information.organization-contact-details.contact-id = string
tmdd:sectionControlScheduleMsg.section-control-schedule-item.organization-information.organization-contact-details.person-name = string
tmdd:sectionControlScheduleMsg.section-control-schedule-item.organization-information.organization-contact-details.person-title = string
tmdd:sectionControlScheduleMsg.section-control-schedule-item.organization-information.organization-contact-details.phone-number = string
tmdd:sectionControlScheduleMsg.section-control-schedule-item.organization-information.organization-contact-details.phone-alternate = string
tmdd:sectionControlScheduleMsg.section-control-schedule-item.organization-information.organization-contact-details.mobile-phone-number = string
tmdd:sectionControlScheduleMsg.section-control-schedule-item.organization-information.organization-contact-details.mobile-phone-id = string
tmdd:sectionControlScheduleMsg.section-control-schedule-item.organization-information.organization-contact-details.fax-number = string
tmdd:sectionControlScheduleMsg.section-control-schedule-item.organization-information.organization-contact-details.pager-number = string
tmdd:sectionControlScheduleMsg.section-control-schedule-item.organization-information.organization-contact-details.pager-id = string
tmdd:sectionControlScheduleMsg.section-control-schedule-item.organization-information.organization-contact-details.email-address = string
tmdd:sectionControlScheduleMsg.section-control-schedule-item.organization-information.organization-contact-details.radio-unit = string
tmdd:sectionControlScheduleMsg.section-control-schedule-item.organization-information.organization-contact-details.address-line1 = string
tmdd:sectionControlScheduleMsg.section-control-schedule-item.organization-information.organization-contact-details.address-line2 = string
tmdd:sectionControlScheduleMsg.section-control-schedule-item.organization-information.organization-contact-details.city = string
tmdd:sectionControlScheduleMsg.section-control-schedule-item.organization-information.organization-contact-details.state = st
tmdd:sectionControlScheduleMsg.section-control-schedule-item.organization-information.organization-contact-details.zip-code = string
tmdd:sectionControlScheduleMsg.section-control-schedule-item.organization-information.organization-contact-details.country = string
tmdd:sectionControlScheduleMsg.section-control-schedule-item.organization-information.center-contact-list.center-contact-details.center-id = tcore_test
tmdd:sectionControlScheduleMsg.section-control-schedule-item.organization-information.center-contact-list.center-contact-details.center-name = string
tmdd:sectionControlScheduleMsg.section-control-schedule-item.organization-information.center-contact-list.center-contact-details.center-location.latitude = 33964380
tmdd:sectionControlScheduleMsg.section-control-schedule-item.organization-information.center-contact-list.center-contact-details.center-location.longitude = -84217945
tmdd:sectionControlScheduleMsg.section-control-schedule-item.organization-information.center-contact-list.center-contact-details.center-location.horizontalDatum = 3
tmdd:sectionControlScheduleMsg.section-control-schedule-item.organization-information.center-contact-list.center-contact-details.center-location.height.altitude.ft = 3
tmdd:sectionControlScheduleMsg.section-control-schedule-item.organization-information.center-contact-list.center-contact-details.center-location.height.verticalDatum = 1
tmdd:sectionControlScheduleMsg.section-control-schedule-item.organization-information.center-contact-list.center-contact-details.center-description = string
tmdd:sectionControlScheduleMsg.section-control-schedule-item.organization-information.center-contact-list.center-contact-details.center-type = 2
tmdd:sectionControlScheduleMsg.section-control-schedule-item.organization-information.center-contact-list.center-contact-details.center-contact-details.contact-id = string
tmdd:sectionControlScheduleMsg.section-control-schedule-item.organization-information.center-contact-list.center-contact-details.center-contact-details.person-name = string
tmdd:sectionControlScheduleMsg.section-control-schedule-item.organization-information.center-contact-list.center-contact-details.center-contact-details.person-title = string
tmdd:sectionControlScheduleMsg.section-control-schedule-item.organization-information.center-contact-list.center-contact-details.center-contact-details.phone-number = string
tmdd:sectionControlScheduleMsg.section-control-schedule-item.organization-information.center-contact-list.center-contact-details.center-contact-details.phone-alternate = string
tmdd:sectionControlScheduleMsg.section-control-schedule-item.organization-information.center-contact-list.center-contact-details.center-contact-details.mobile-phone-number = string
tmdd:sectionControlScheduleMsg.section-control-schedule-item.organization-information.center-contact-list.center-contact-details.center-contact-details.mobile-phone-id = string
tmdd:sectionControlScheduleMsg.section-control-schedule-item.organization-information.center-contact-list.center-contact-details.center-contact-details.fax-number = string
tmdd:sectionControlScheduleMsg.section-control-schedule-item.organization-information.center-contact-list.center-contact-details.center-contact-details.pager-number = string
tmdd:sectionControlScheduleMsg.section-control-schedule-item.organization-information.center-contact-list.center-contact-details.center-contact-details.pager-id = string
tmdd:sectionControlScheduleMsg.section-control-schedule-item.organization-information.center-contact-list.center-contact-details.center-contact-details.email-address = string
tmdd:sectionControlScheduleMsg.section-control-schedule-item.organization-information.center-contact-list.center-contact-details.center-contact-details.radio-unit = string
tmdd:sectionControlScheduleMsg.section-control-schedule-item.organization-information.center-contact-list.center-contact-details.center-contact-details.address-line1 = string
tmdd:sectionControlScheduleMsg.section-control-schedule-item.organization-information.center-contact-list.center-contact-details.center-contact-details.address-line2 = string
tmdd:sectionControlScheduleMsg.section-control-schedule-item.organization-information.center-contact-list.center-contact-details.center-contact-details.city = string
tmdd:sectionControlScheduleMsg.section-control-schedule-item.organization-information.center-contact-list.center-contact-details.center-contact-details.state = st
tmdd:sectionControlScheduleMsg.section-control-schedule-item.organization-information.center-contact-list.center-contact-details.center-contact-details.zip-code = string
tmdd:sectionControlScheduleMsg.section-control-schedule-item.organization-information.center-contact-list.center-contact-details.center-contact-details.country = string
tmdd:sectionControlScheduleMsg.section-control-schedule-item.organization-information.last-update-time.date = 20130531
tmdd:sectionControlScheduleMsg.section-control-schedule-item.organization-information.last-update-time.time = 105805
tmdd:sectionControlScheduleMsg.section-control-schedule-item.organization-information.last-update-time.offset = 01:00
tmdd:sectionControlScheduleMsg.section-control-schedule-item.section-id = string
tmdd:sectionControlScheduleMsg.section-control-schedule-item.time-base-schedule-number = 5
tmdd:sectionControlScheduleMsg.section-control-schedule-item.time-base-schedule-month = 5
tmdd:sectionControlScheduleMsg.section-control-schedule-item.time-base-schedule-day = 6
tmdd:sectionControlScheduleMsg.section-control-schedule-item.time-base-schedule-date = 7
tmdd:sectionControlScheduleMsg.section-control-schedule-item.time-base-schedule-day-plan = 6
tmdd:sectionControlScheduleMsg.section-control-schedule-item.day-plan-hour = 6
tmdd:sectionControlScheduleMsg.section-control-schedule-item.day-plan-minute = 6
tmdd:sectionControlScheduleMsg.section-control-schedule-item.last-update-time.date = 20130531
tmdd:sectionControlScheduleMsg.section-control-schedule-item.last-update-time.time = 105805
tmdd:sectionControlScheduleMsg.section-control-schedule-item.last-update-time.offset = 01:00
tmdd:sectionControlScheduleMsg.section-control-schedule-item.node-id-list.device-id = string
tmdd:sectionControlScheduleMsg.section-control-schedule-item.request-control-mode = adaptive
tmdd:sectionControlScheduleMsg.section-control-schedule-item.timing-pattern-id = string
